******************************************************************************
                  MSP430 Linker PC v4.4.5                      
******************************************************************************
>> Linked Sun Nov 22 04:14:50 2015

OUTPUT FILE NAME:   <rainsensor.out>
ENTRY POINT SYMBOL: "_c_int00_noargs"  address: 00004540


MEMORY CONFIGURATION

         name            origin    length      used     unused   attr    fill
----------------------  --------  ---------  --------  --------  ----  --------
  SFR                   00000000   00000010  00000000  00000010  RWIX
  PERIPHERALS_8BIT      00000010   000000f0  00000000  000000f0  RWIX
  PERIPHERALS_16BIT     00000100   00000100  00000000  00000100  RWIX
  INFOD                 00001800   00000080  00000000  00000080  RWIX
  INFOC                 00001880   00000080  00000004  0000007c  RWIX
  INFOB                 00001900   00000080  00000004  0000007c  RWIX
  INFOA                 00001980   00000080  00000014  0000006c  RWIX
  USBRAM                00001c00   00000800  00000000  00000800  RWIX
  RAM                   00002400   00002000  000006c6  0000193a  RWIX
  FLASH                 00004400   0000bb80  00000f62  0000ac1e  RWIX
  INT00                 0000ff80   00000002  00000000  00000002  RWIX
  INT01                 0000ff82   00000002  00000000  00000002  RWIX
  INT02                 0000ff84   00000002  00000000  00000002  RWIX
  INT03                 0000ff86   00000002  00000000  00000002  RWIX
  INT04                 0000ff88   00000002  00000000  00000002  RWIX
  INT05                 0000ff8a   00000002  00000000  00000002  RWIX
  INT06                 0000ff8c   00000002  00000000  00000002  RWIX
  INT07                 0000ff8e   00000002  00000000  00000002  RWIX
  INT08                 0000ff90   00000002  00000000  00000002  RWIX
  INT09                 0000ff92   00000002  00000000  00000002  RWIX
  INT10                 0000ff94   00000002  00000000  00000002  RWIX
  INT11                 0000ff96   00000002  00000000  00000002  RWIX
  INT12                 0000ff98   00000002  00000000  00000002  RWIX
  INT13                 0000ff9a   00000002  00000000  00000002  RWIX
  INT14                 0000ff9c   00000002  00000000  00000002  RWIX
  INT15                 0000ff9e   00000002  00000000  00000002  RWIX
  INT16                 0000ffa0   00000002  00000000  00000002  RWIX
  INT17                 0000ffa2   00000002  00000000  00000002  RWIX
  INT18                 0000ffa4   00000002  00000000  00000002  RWIX
  INT19                 0000ffa6   00000002  00000000  00000002  RWIX
  INT20                 0000ffa8   00000002  00000000  00000002  RWIX
  INT21                 0000ffaa   00000002  00000000  00000002  RWIX
  INT22                 0000ffac   00000002  00000000  00000002  RWIX
  INT23                 0000ffae   00000002  00000000  00000002  RWIX
  INT24                 0000ffb0   00000002  00000000  00000002  RWIX
  INT25                 0000ffb2   00000002  00000000  00000002  RWIX
  INT26                 0000ffb4   00000002  00000000  00000002  RWIX
  INT27                 0000ffb6   00000002  00000000  00000002  RWIX
  INT28                 0000ffb8   00000002  00000000  00000002  RWIX
  INT29                 0000ffba   00000002  00000000  00000002  RWIX
  INT30                 0000ffbc   00000002  00000000  00000002  RWIX
  INT31                 0000ffbe   00000002  00000000  00000002  RWIX
  INT32                 0000ffc0   00000002  00000000  00000002  RWIX
  INT33                 0000ffc2   00000002  00000000  00000002  RWIX
  INT34                 0000ffc4   00000002  00000000  00000002  RWIX
  INT35                 0000ffc6   00000002  00000000  00000002  RWIX
  INT36                 0000ffc8   00000002  00000000  00000002  RWIX
  INT37                 0000ffca   00000002  00000000  00000002  RWIX
  INT38                 0000ffcc   00000002  00000000  00000002  RWIX
  INT39                 0000ffce   00000002  00000000  00000002  RWIX
  INT40                 0000ffd0   00000002  00000000  00000002  RWIX
  INT41                 0000ffd2   00000002  00000002  00000000  RWIX
  INT42                 0000ffd4   00000002  00000002  00000000  RWIX
  INT43                 0000ffd6   00000002  00000002  00000000  RWIX
  INT44                 0000ffd8   00000002  00000002  00000000  RWIX
  INT45                 0000ffda   00000002  00000002  00000000  RWIX
  INT46                 0000ffdc   00000002  00000002  00000000  RWIX
  INT47                 0000ffde   00000002  00000002  00000000  RWIX
  INT48                 0000ffe0   00000002  00000002  00000000  RWIX
  INT49                 0000ffe2   00000002  00000002  00000000  RWIX
  INT50                 0000ffe4   00000002  00000002  00000000  RWIX
  INT51                 0000ffe6   00000002  00000002  00000000  RWIX
  INT52                 0000ffe8   00000002  00000002  00000000  RWIX
  INT53                 0000ffea   00000002  00000002  00000000  RWIX
  INT54                 0000ffec   00000002  00000002  00000000  RWIX
  INT55                 0000ffee   00000002  00000002  00000000  RWIX
  INT56                 0000fff0   00000002  00000002  00000000  RWIX
  INT57                 0000fff2   00000002  00000002  00000000  RWIX
  INT58                 0000fff4   00000002  00000002  00000000  RWIX
  INT59                 0000fff6   00000002  00000002  00000000  RWIX
  INT60                 0000fff8   00000002  00000002  00000000  RWIX
  INT61                 0000fffa   00000002  00000002  00000000  RWIX
  INT62                 0000fffc   00000002  00000002  00000000  RWIX
  RESET                 0000fffe   00000002  00000002  00000000  RWIX
  FLASH2                00010000   00014400  00003af2  0001090e  RWIX


SECTION ALLOCATION MAP

 output                                  attributes/
section   page    origin      length       input sections
--------  ----  ----------  ----------   ----------------
.infoC     0    00001880    00000004     UNINITIALIZED
                  00001880    00000004     sigfox_demo.obj (.infoC)

.infoB     0    00001900    00000004     UNINITIALIZED
                  00001900    00000004     sigfox_demo.obj (.infoB)

.infoA     0    00001980    00000014     UNINITIALIZED
                  00001980    00000014     sigfox_demo.obj (.infoA)

.data      0    00002400    000002aa     UNINITIALIZED
                  00002400    000000c8     rts430x_lc_rd_eabi.lib : defs.obj (.data:_ftable)
                  000024c8    00000078                            : lowlev.obj (.data:_device)
                  00002540    0000003c                            : lowlev.obj (.data:_stream)
                  0000257c    0000003c     uart_drv.obj (.data:rx_buf)
                  000025b8    0000003c     uart_drv.obj (.data:tx_buf)
                  000025f4    00000020     libsigfox.lib : sigfox_hmac.obj (.data:in)
                  00002614    00000020     hal_digio2.obj (.data:port1_isr_tbl)
                  00002634    00000020     hal_digio2.obj (.data:port2_isr_tbl)
                  00002654    00000020     sigfox_demo.obj (.data)
                  00002674    0000000c     sigfox_demo.obj (.data:message)
                  00002680    00000008     sigfox_demo.obj (.data:ReceivedPayload)
                  00002688    00000006     libsigfox.lib : sigfox_frame.obj (.data:pn_save)
                  0000268e    00000004     rts430x_lc_rd_eabi.lib : exit_gvars.obj (.data:__TI_cleanup_ptr)
                  00002692    00000004                            : exit_gvars.obj (.data:__TI_dtors_ptr)
                  00002696    00000004                            : _lock.obj (.data:_lock)
                  0000269a    00000004                            : _lock.obj (.data:_unlock)
                  0000269e    00000003     timer.obj (.data)
                  000026a1    00000001     uart_drv.obj (.data)
                  000026a2    00000002     libsigfox.lib : sigfox_frame.obj (.data)
                  000026a4    00000002     manufacturer_api.obj (.data)
                  000026a6    00000002     rts430x_lc_rd_eabi.lib : defs.obj (.data)
                  000026a8    00000002                            : memory.obj (.data)

.bss       0    000026aa    000001bc     UNINITIALIZED
                  000026aa    000000a4     (.common:DynamicMemoryTable)
                  0000274e    000000a0     (.common:__TI_tmpnams)
                  000027ee    00000010     (.common:AES_IO)
                  000027fe    0000000c     (.common:Table_30bytes)
                  0000280a    00000008     (.common:parmbuf)
                  00002812    00000008     (.common:uart_rx_buf)
                  0000281a    00000008     (.common:uart_tx_buf)
                  00002822    00000006     (.common:Table_32bytes)
                  00002828    00000006     (.common:Table_64bytes)
                  0000282e    00000006     (.common:Table_8bytes)
                  00002834    00000004     (.common:NonVRam)
                  00002838    00000004     (.common:RxFrequency)
                  0000283c    00000004     (.common:TxFrequency)
                  00002840    00000004     (.common:frame)
                  00002844    00000004     (.common:sending_frame)
                  00002848    00000004     (.common:sys_base)
                  0000284c    00000004     (.common:sys_free)
                  00002850    00000004     (.common:u32_Gfrequency)
                  00002854    00000004     (.common:ui32BspMclkSpeed)
                  00002858    00000002     (.common:Std)
                  0000285a    00000002     (.common:SysState)
                  0000285c    00000002     (.common:bit_index_in_frame)
                  0000285e    00000002     (.common:memsize)
                  00002860    00000001     (.common:TxRepeatNb)
                  00002861    00000001     (.common:b_Diff)
                  00002862    00000001     (.common:packetSemaphore)
                  00002863    00000001     (.common:rx_end_of_str)
                  00002864    00000001     (.common:rx_str_length)
                  00002865    00000001     (.common:ui8BspKeyMode)

.cio       0    00002866    00000120     UNINITIALIZED
                  00002866    00000120     rts430x_lc_rd_eabi.lib : trgmsg.obj (.cio)

.sysmem    0    00002988    000000a0     UNINITIALIZED
                  00002988    00000006     rts430x_lc_rd_eabi.lib : memory.obj (.sysmem)
                  0000298e    0000009a     --HOLE--

.stack     0    00004360    000000a0     UNINITIALIZED
                  00004360    00000004     rts430x_lc_rd_eabi.lib : boot.obj (.stack)
                  00004364    0000009c     --HOLE--

.text:_isr 
*          0    00004400    0000016a     
                  00004400    00000084     uart_drv.obj (.text:_isr:USCI_A1_ISR)
                  00004484    0000004e     hal_digio2.obj (.text:_isr:port1_ISR)
                  000044d2    0000004e     hal_digio2.obj (.text:_isr:port2_ISR)
                  00004520    00000020     timer.obj (.text:_isr:TIMER0_A0_ISR)
                  00004540    0000001c     rts430x_lc_rd_eabi.lib : boot_special.obj (.text:_isr:_c_int00_noargs)
                  0000455c    00000008     timer.obj (.text:_isr:TIMER1_A0_ISR)
                  00004564    00000006     rts430x_lc_rd_eabi.lib : isr_trap.obj (.text:_isr:__TI_ISR_TRAP)

.const     0    0000456a    00000512     
                  0000456a    00000100     ti_aes_128.obj (.const:.string:rsbox)
                  0000466a    00000100     ti_aes_128.obj (.const:.string:sbox)
                  0000476a    000000d4     radio.obj (.const:Table_Pa_600bps)
                  0000483e    000000a8     radio.obj (.const:HighPerfModeRx)
                  000048e6    0000006c     radio.obj (.const:HighPerfModeTx)
                  00004952    00000054     libsigfox.lib : sigfox_frame.obj (.const:fsync_lut_tx)
                  000049a6    00000050     sigfox_demo.obj (.const:.string)
                  000049f6    0000001c     gpio.obj (.const:GPIO_PORT_TO_BASE)
                  00004a12    00000010     libsigfox.lib : sigfox_hmac.obj (.const:.string:iv)
                  00004a22    00000010                   : sigfox_bch.obj (.const:.string:log_alpha)
                  00004a32    0000000f                   : sigfox_frame.obj (.const:.string:lg_lut)
                  00004a41    00000001     --HOLE-- [fill = 0]
                  00004a42    0000000f                   : sigfox_bch.obj (.const:.string:pow_alpha)
                  00004a51    00000001     --HOLE-- [fill = 0]
                  00004a52    0000000c                   : sigfox_scramb.obj (.const:lut_in_0_out)
                  00004a5e    0000000c                   : sigfox_scramb.obj (.const:lut_in_1_out)
                  00004a6a    0000000a     ti_aes_128.obj (.const:.string:Rcon)
                  00004a74    00000004     libsigfox.lib : sigfox_scramb.obj (.const:.string:lut_in_0)
                  00004a78    00000004                   : sigfox_scramb.obj (.const:.string:lut_in_1)

.cinit     0    00004a7c    000000e6     
                  00004a7c    0000007d     (.cinit..data.load) [load image, compression = rle]
                  00004af9    00000001     --HOLE-- [fill = 0]
                  00004afa    0000000c     (__TI_handler_table)
                  00004b06    00000006     (.cinit..TI.bound:flash_array.load) [load image, compression = zero_init]
                  00004b0c    00000006     (.cinit..bss.load) [load image, compression = zero_init]
                  00004b12    00000006     (.cinit..cio.load) [load image, compression = zero_init]
                  00004b18    00000006     (.cinit..infoA.load) [load image, compression = zero_init]
                  00004b1e    00000006     (.cinit..infoB.load) [load image, compression = zero_init]
                  00004b24    00000006     (.cinit..infoC.load) [load image, compression = zero_init]
                  00004b2a    00000038     (__TI_cinit_table)

.init_array 
*          0    00004400    00000000     UNINITIALIZED

.TI.persistent 
*          0    00002400    00000000     UNINITIALIZED

.TI.bound:flash_array 
*          0    00008000    00000800     UNINITIALIZED
                  00008000    00000800     flash_drv.obj (.TI.bound:flash_array)

RTC        0    0000ffd2    00000002     
                  0000ffd2    00000002     rts430x_lc_rd_eabi.lib : int41.obj (.int41)

PORT2      0    0000ffd4    00000002     
                  0000ffd4    00000002     hal_digio2.obj (.int42)

TIMER2_A1 
*          0    0000ffd6    00000002     
                  0000ffd6    00000002     rts430x_lc_rd_eabi.lib : int43.obj (.int43)

TIMER2_A0 
*          0    0000ffd8    00000002     
                  0000ffd8    00000002     rts430x_lc_rd_eabi.lib : int44.obj (.int44)

USCI_B1    0    0000ffda    00000002     
                  0000ffda    00000002     rts430x_lc_rd_eabi.lib : int45.obj (.int45)

USCI_A1    0    0000ffdc    00000002     
                  0000ffdc    00000002     uart_drv.obj (.int46)

PORT1      0    0000ffde    00000002     
                  0000ffde    00000002     hal_digio2.obj (.int47)

TIMER1_A1 
*          0    0000ffe0    00000002     
                  0000ffe0    00000002     rts430x_lc_rd_eabi.lib : int48.obj (.int48)

TIMER1_A0 
*          0    0000ffe2    00000002     
                  0000ffe2    00000002     timer.obj (.int49)

DMA        0    0000ffe4    00000002     
                  0000ffe4    00000002     rts430x_lc_rd_eabi.lib : int50.obj (.int50)

USB_UBM    0    0000ffe6    00000002     
                  0000ffe6    00000002     rts430x_lc_rd_eabi.lib : int51.obj (.int51)

TIMER0_A1 
*          0    0000ffe8    00000002     
                  0000ffe8    00000002     rts430x_lc_rd_eabi.lib : int52.obj (.int52)

TIMER0_A0 
*          0    0000ffea    00000002     
                  0000ffea    00000002     timer.obj (.int53)

ADC12      0    0000ffec    00000002     
                  0000ffec    00000002     rts430x_lc_rd_eabi.lib : int54.obj (.int54)

USCI_B0    0    0000ffee    00000002     
                  0000ffee    00000002     rts430x_lc_rd_eabi.lib : int55.obj (.int55)

USCI_A0    0    0000fff0    00000002     
                  0000fff0    00000002     rts430x_lc_rd_eabi.lib : int56.obj (.int56)

WDT        0    0000fff2    00000002     
                  0000fff2    00000002     rts430x_lc_rd_eabi.lib : int57.obj (.int57)

TIMER0_B1 
*          0    0000fff4    00000002     
                  0000fff4    00000002     rts430x_lc_rd_eabi.lib : int58.obj (.int58)

TIMER0_B0 
*          0    0000fff6    00000002     
                  0000fff6    00000002     rts430x_lc_rd_eabi.lib : int59.obj (.int59)

COMP_B     0    0000fff8    00000002     
                  0000fff8    00000002     rts430x_lc_rd_eabi.lib : int60.obj (.int60)

UNMI       0    0000fffa    00000002     
                  0000fffa    00000002     rts430x_lc_rd_eabi.lib : int61.obj (.int61)

SYSNMI     0    0000fffc    00000002     
                  0000fffc    00000002     rts430x_lc_rd_eabi.lib : int62.obj (.int62)

.reset     0    0000fffe    00000002     
                  0000fffe    00000002     rts430x_lc_rd_eabi.lib : boot.obj (.reset)

.text      0    00010000    00003af2     
                  00010000    000003c0     ti_aes_128.obj (.text:aes_enc_dec)
                  000103c0    000002e4     rts430x_lc_rd_eabi.lib : frcmpyd.obj (.text:__TI_frcmpyd)
                  000106a4    00000282                            : mpyd.obj (.text:__mspabi_mpyd)
                  00010926    00000204     libsigfox.lib : sigfox_frame.obj (.text:change_frequency)
                  00010b2a    000001f4                   : sigfox_decode.obj (.text:DecodeFrame)
                  00010d1e    000001ba                   : sigfox_frame.obj (.text:MakeFrame)
                  00010ed8    00000172                   : sigfox_frame.obj (.text:SfxSendFrame)
                  0001104a    0000016a                   : sigfox_frame.obj (.text:OutOfBandFrame)
                  000111b4    00000126                   : sigfox_frame.obj (.text:SfxInit)
                  000112da    0000010c     bsp.obj (.text:bspMcuGetSystemClockSettings)
                  000113e6    00000100     radio.obj (.text:RADIO_modulate)
                  000114e6    000000f0     rts430x_lc_rd_eabi.lib : fputs.obj (.text:fputs)
                  000115d6    000000ee     libsigfox.lib : sigfox_frame.obj (.text:ReceiveLoop)
                  000116c4    000000e0     rts430x_lc_rd_eabi.lib : setvbuf.obj (.text:setvbuf)
                  000117a4    000000d4     manufacturer_api.obj (.text:sfx_waitframe)
                  00011878    000000cc     sigfox_demo.obj (.text:main)
                  00011944    000000ba     rts430x_lc_rd_eabi.lib : memory.obj (.text:malloc)
                  000119fe    000000b0     flash_drv.obj (.text:flash_write_wear_level)
                  00011aae    000000a8     radio.obj (.text:RADIO_change_frequency)
                  00011b56    000000a4     bsp.obj (.text:bspSysClockSpeedSet)
                  00011bfa    0000009e     rts430x_lc_rd_eabi.lib : trgdrv.obj (.text:HOSTlseek)
                  00011c98    0000009c     libsigfox.lib : sigfox_scramb.obj (.text:ComputeScrambling)
                  00011d34    00000098     radio.obj (.text:RADIO_init_chip)
                  00011dcc    00000092     manufacturer_api.obj (.text:sfx_AES_128_cbc_encrypt)
                  00011e5e    0000008e     rts430x_lc_rd_eabi.lib : memory.obj (.text:free)
                  00011eec    0000007e                            : _io_perm.obj (.text:__TI_wrt_ok)
                  00011f6a    0000007c     libsigfox.lib : sigfox_hmac.obj (.text:ComputeAES)
                  00011fe6    00000076     rts430x_lc_rd_eabi.lib : fltuld.obj (.text:__mspabi_fltuld)
                  0001205c    00000076     sigfox_demo.obj (.text:resetCF)
                  000120d2    00000076     hal_spi_rf_trxeb.obj (.text:trxReadWriteBurstSingle)
                  00012148    00000074     rts430x_lc_rd_eabi.lib : trgdrv.obj (.text:HOSTrename)
                  000121bc    00000070                            : fclose.obj (.text:__TI_closefile)
                  0001222c    0000006e                            : trgdrv.obj (.text:HOSTopen)
                  0001229a    0000006e     bsp.obj (.text:bspMcuSetVCoreUp)
                  00012308    0000006e     uart_drv.obj (.text:halUartInit)
                  00012376    0000006c     radio.obj (.text:RADIO_start_rf_carrier)
                  000123e2    0000006c     rts430x_lc_rd_eabi.lib : autoinit_wdt.obj (.text:_auto_init_hold_wdt)
                  0001244e    0000006a                            : trgdrv.obj (.text:HOSTwrite)
                  000124b8    0000006a     libsigfox.lib : sigfox_bch.obj (.text:decode_bch)
                  00012522    0000006a     flash_drv.obj (.text:flash_read_wear_level)
                  0001258c    0000006a     rts430x_lc_rd_eabi.lib : fseek.obj (.text:fseek)
                  000125f6    00000068                            : trgdrv.obj (.text:HOSTread)
                  0001265e    00000068                            : copy_decompress_rle.obj (.text:__TI_decompress_rle_core)
                  000126c6    00000068                            : fixdul.obj (.text:__mspabi_fixdul)
                  0001272e    00000064                            : fflush.obj (.text:__TI_doflush)
                  00012792    00000064     sigfox_demo.obj (.text:blink_leds)
                  000127f6    00000060     libsigfox.lib : sigfox_frame.obj (.text:Switch_frequency)
                  00012856    00000060     manufacturer_api.obj (.text:sfx_malloc)
                  000128b6    00000060     manufacturer_api.obj (.text:sfx_send)
                  00012916    0000005e     hal_digio2.obj (.text:halDigio2IntConnect)
                  00012974    0000005c     libsigfox.lib : sigfox_Pn9.obj (.text:Next_Pn11)
                  000129d0    0000005c                   : sigfox_Pn9.obj (.text:Next_Pn9)
                  00012a2c    0000005a     radio.obj (.text:RADIO_stop_rf_carrier)
                  00012a86    0000005a     cc112x_spi.obj (.text:cc112xSpiReadReg)
                  00012ae0    0000005a     cc112x_spi.obj (.text:cc112xSpiWriteReg)
                  00012b3a    0000005a     rts430x_lc_rd_eabi.lib : lowlev.obj (.text:close)
                  00012b94    0000005a                            : lowlev.obj (.text:getdevice)
                  00012bee    0000005a     manufacturer_api.obj (.text:sfx_free)
                  00012c48    00000058     rts430x_lc_rd_eabi.lib : fflush.obj (.text:fflush)
                  00012ca0    00000058     sigfox_demo.obj (.text:initMCU)
                  00012cf8    00000058     rts430x_lc_rd_eabi.lib : div32u.obj (.text)
                  00012d50    00000056     manufacturer_api.obj (.text:sfx_delay)
                  00012da6    00000052     sigfox_demo.obj (.text:blink_green)
                  00012df8    0000004c     rts430x_lc_rd_eabi.lib : trgdrv.obj (.text:HOSTclose)
                  00012e44    0000004c     sigfox_demo.obj (.text:blink_red)
                  00012e90    0000004a     flash_drv.obj (.text:flash_erase_segment)
                  00012eda    0000004a     hal_digio2.obj (.text:halDigio2IntSetEdge)
                  00012f24    00000048     hal_spi_rf_trxeb.obj (.text:trx16BitRegAccess)
                  00012f6c    00000046     rts430x_lc_rd_eabi.lib : trgdrv.obj (.text:HOSTunlink)
                  00012fb2    00000046     sigfox_demo.obj (.text:dynamic_memory_init)
                  00012ff8    00000044     bsp_key.obj (.text:bspKeyPushed)
                  0001303c    00000042     flash_drv.obj (.text:flash_write_data)
                  0001307e    00000042     rts430x_lc_rd_eabi.lib : memory.obj (.text:minit)
                  000130c0    0000003e                            : asr32.obj (.text:l_asr_const)
                  000130fe    0000003e                            : lsl32.obj (.text:l_lsl_const)
                  0001313c    0000003e                            : lsr32.obj (.text:l_lsr_const)
                  0001317a    0000003e                            : lowlev.obj (.text:lseek)
                  000131b8    0000003e     hal_spi_rf_trxeb.obj (.text:trxRfSpiInterfaceInit)
                  000131f6    0000003c     rts430x_lc_rd_eabi.lib : lowlev.obj (.text:write)
                  00013232    0000003a     hal_spi_rf_trxeb.obj (.text:trx8BitRegAccess)
                  0001326c    00000038     circ_buf.obj (.text:circBufGetData)
                  000132a4    00000036     rts430x_lc_rd_eabi.lib : fopen.obj (.text:__TI_cleanup)
                  000132da    00000036                            : trgmsg.obj (.text:__TI_writemsg)
                  00013310    00000036     circ_buf.obj (.text:circBufPutData)
                  00013346    00000036     libsigfox.lib : sigfox_crc.obj (.text:crc16)
                  0001337c    00000036     sigfox_demo.obj (.text:memory_block_init)
                  000133b2    00000032     rts430x_lc_rd_eabi.lib : trgmsg.obj (.text:__TI_readmsg)
                  000133e4    00000032     libsigfox.lib : sigfox_crc.obj (.text:crc8)
                  00013416    00000032     rts430x_lc_rd_eabi.lib : strncpy.obj (.text:strncpy)
                  00013448    00000030     bsp.obj (.text:bspMcuSetVCoreDown)
                  00013478    00000030     rts430x_lc_rd_eabi.lib : lowlev.obj (.text:unlink)
                  000134a8    0000002e     bsp.obj (.text:bspAssert)
                  000134d6    0000002e     bsp.obj (.text:bspMcuStartXT1)
                  00013504    0000002e     rts430x_lc_rd_eabi.lib : exit.obj (.text:exit)
                  00013532    0000002e                            : lowlev.obj (.text:finddevice)
                  00013560    0000002e     hal_digio2.obj (.text:halDigio2IntClear)
                  0001358e    0000002c     rts430x_lc_rd_eabi.lib : div16s.obj (.text)
                  000135ba    0000002a     manufacturer_api.obj (.text:free_memory_block)
                  000135e4    0000002a     hal_digio2.obj (.text:halDigio2IntEnable)
                  0001360e    00000028     manufacturer_api.obj (.text:sfx_get_nv_mem)
                  00013636    00000026     bsp_key.obj (.text:bspKeyInit)
                  0001365c    00000026     hal_spi_rf_trxeb.obj (.text:trxSpiCmdStrobe)
                  00013682    00000024     transmission.obj (.text:Read_Bit)
                  000136a6    00000024     bsp.obj (.text:bspMcuSetVCore)
                  000136ca    00000024     rts430x_lc_rd_eabi.lib : copy_zero_init.obj (.text:decompress:ZI:__TI_zero_init)
                  000136ee    00000022     timer.obj (.text:TIMER_downlink_timing_init)
                  00013710    00000022     transmission.obj (.text:TxProcess)
                  00013732    00000022     circ_buf.obj (.text:circBufRemainder)
                  00013754    00000022     rts430x_lc_rd_eabi.lib : mult32_f5hw.obj (.text)
                  00013776    00000020     bsp_led.obj (.text:bspLedInit)
                  00013796    00000020     manufacturer_api.obj (.text:sfx_init)
                  000137b6    00000020     trx_rf_int.obj (.text:trxIsrConnect)
                  000137d6    0000001e     bsp.obj (.text:bspInit)
                  000137f4    0000001c     gpio.obj (.text:GPIO_setOutputHighOnPin)
                  00013810    0000001c     gpio.obj (.text:GPIO_setOutputLowOnPin)
                  0001382c    0000001c     manufacturer_api.obj (.text:sfx_set_nv_mem)
                  00013848    0000001c     rts430x_lc_rd_eabi.lib : strchr.obj (.text:strchr)
                  00013864    0000001c                            : strcmp.obj (.text:strcmp)
                  00013880    0000001a     timer.obj (.text:TIMER_bitrate_init)
                  0001389a    0000001a     rts430x_lc_rd_eabi.lib : assert.obj (.text:_abort_msg)
                  000138b4    00000018     bsp_led.obj (.text:bspLedClear)
                  000138cc    00000018     bsp_led.obj (.text:bspLedSet)
                  000138e4    00000018     flash_drv.obj (.text:flash_read_data)
                  000138fc    00000018     uart_drv.obj (.text:halUartStartTx)
                  00013914    00000016     rts430x_lc_rd_eabi.lib : memchr.obj (.text:memchr)
                  0001392a    00000016                            : memset.obj (.text:memset)
                  00013940    00000016                            : div16u.obj (.text)
                  00013956    00000016                            : mult16_f5hw.obj (.text)
                  0001396c    00000016     manufacturer_api.obj (.text:sfx_get_voltage_temperature)
                  00013982    00000016     trx_rf_int.obj (.text:trxClearIntFlag)
                  00013998    00000016     trx_rf_int.obj (.text:trxEnableInt)
                  000139ae    00000014     rts430x_lc_rd_eabi.lib : memcpy.obj (.text:memcpy)
                  000139c2    00000014     manufacturer_api.obj (.text:sfx_WaitForTimeoutRx)
                  000139d6    00000012     rts430x_lc_rd_eabi.lib : copy_decompress_none.obj (.text:decompress:none:__TI_decompress_none)
                  000139e8    00000012                            : strcpy.obj (.text:strcpy)
                  000139fa    00000010     cc112x_spi.obj (.text:cc112xSpiReadRxFifo)
                  00013a0a    00000010     ti_aes_128.obj (.text:galois_mul2)
                  00013a1a    00000010     rts430x_lc_rd_eabi.lib : lsl32.obj (.text:l_lsl)
                  00013a2a    00000010                            : lsr32.obj (.text:l_lsr)
                  00013a3a    0000000e     timer.obj (.text:TIMER_bitrate_start)
                  00013a48    0000000e     rts430x_lc_rd_eabi.lib : strlen.obj (.text:strlen)
                  00013a56    0000000e     uart_drv.obj (.text:uartPutChar)
                  00013a64    0000000c     timer.obj (.text:TIMER_bitrate_stop)
                  00013a70    0000000c     manufacturer_api.obj (.text:sfx_StopRxTimeout)
                  00013a7c    0000000a     sigfox_demo.obj (.text:disable_water)
                  00013a86    0000000a     sigfox_demo.obj (.text:enable_water)
                  00013a90    0000000a     rts430x_lc_rd_eabi.lib : lsl16.obj (.text)
                  00013a9a    0000000a                            : lsr16.obj (.text)
                  00013aa4    00000008     radio.obj (.text:RADIO_close_chip)
                  00013aac    00000008     radio.obj (.text:RADIO_rx_packet_interrupt_handler)
                  00013ab4    00000008     manufacturer_api.obj (.text:sfx_StartRxTimeout)
                  00013abc    00000008     manufacturer_api.obj (.text:sfx_StartWaitingTimeout)
                  00013ac4    00000008     manufacturer_api.obj (.text:sfx_change_frequency)
                  00013acc    00000008     manufacturer_api.obj (.text:sfx_close)
                  00013ad4    00000008     manufacturer_api.obj (.text:sfx_getrssivalue)
                  00013adc    00000006     transmission.obj (.text:TxInit)
                  00013ae2    00000006     rts430x_lc_rd_eabi.lib : copy_decompress_rle.obj (.text:decompress:rle24:__TI_decompress_rle24)
                  00013ae8    00000004                            : pre_init.obj (.text:_system_pre_init)
                  00013aec    00000004                            : exit.obj (.text:abort)
                  00013af0    00000002                            : _lock.obj (.text:_nop)


LINKER GENERATED COPY TABLES

__TI_cinit_table @ 00004b2a records: 7, size/record: 8, table size: 56
	.data: load addr=00004a7c, load size=0000007d bytes, run addr=00002400, run size=000002aa bytes, compression=rle
	.TI.bound:flash_array: load addr=00004b06, load size=00000006 bytes, run addr=00008000, run size=00000800 bytes, compression=zero_init
	.bss: load addr=00004b0c, load size=00000006 bytes, run addr=000026aa, run size=000001bc bytes, compression=zero_init
	.cio: load addr=00004b12, load size=00000006 bytes, run addr=00002866, run size=00000120 bytes, compression=zero_init
	.infoA: load addr=00004b18, load size=00000006 bytes, run addr=00001980, run size=00000014 bytes, compression=zero_init
	.infoB: load addr=00004b1e, load size=00000006 bytes, run addr=00001900, run size=00000004 bytes, compression=zero_init
	.infoC: load addr=00004b24, load size=00000006 bytes, run addr=00001880, run size=00000004 bytes, compression=zero_init


LINKER GENERATED HANDLER TABLE

__TI_handler_table @ 00004afa records: 3, size/record: 4, table size: 12
	index: 0, handler: __TI_zero_init
	index: 1, handler: __TI_decompress_rle24
	index: 2, handler: __TI_decompress_none


GLOBAL SYMBOLS: SORTED ALPHABETICALLY BY Name 

address   name                       
-------   ----                       
00000700  ADC12CTL0                  
00000701  ADC12CTL0_H                
00000700  ADC12CTL0_L                
00000702  ADC12CTL1                  
00000703  ADC12CTL1_H                
00000702  ADC12CTL1_L                
00000704  ADC12CTL2                  
00000705  ADC12CTL2_H                
00000704  ADC12CTL2_L                
0000070c  ADC12IE                    
0000070d  ADC12IE_H                  
0000070c  ADC12IE_L                  
0000070a  ADC12IFG                   
0000070b  ADC12IFG_H                 
0000070a  ADC12IFG_L                 
0000070e  ADC12IV                    
0000070f  ADC12IV_H                  
0000070e  ADC12IV_L                  
00000710  ADC12MCTL0                 
00000711  ADC12MCTL1                 
0000071a  ADC12MCTL10                
0000071b  ADC12MCTL11                
0000071c  ADC12MCTL12                
0000071d  ADC12MCTL13                
0000071e  ADC12MCTL14                
0000071f  ADC12MCTL15                
00000712  ADC12MCTL2                 
00000713  ADC12MCTL3                 
00000714  ADC12MCTL4                 
00000715  ADC12MCTL5                 
00000716  ADC12MCTL6                 
00000717  ADC12MCTL7                 
00000718  ADC12MCTL8                 
00000719  ADC12MCTL9                 
00000720  ADC12MEM0                  
00000721  ADC12MEM0_H                
00000720  ADC12MEM0_L                
00000722  ADC12MEM1                  
00000734  ADC12MEM10                 
00000735  ADC12MEM10_H               
00000734  ADC12MEM10_L               
00000736  ADC12MEM11                 
00000737  ADC12MEM11_H               
00000736  ADC12MEM11_L               
00000738  ADC12MEM12                 
00000739  ADC12MEM12_H               
00000738  ADC12MEM12_L               
0000073a  ADC12MEM13                 
0000073b  ADC12MEM13_H               
0000073a  ADC12MEM13_L               
0000073c  ADC12MEM14                 
0000073d  ADC12MEM14_H               
0000073c  ADC12MEM14_L               
0000073e  ADC12MEM15                 
0000073f  ADC12MEM15_H               
0000073e  ADC12MEM15_L               
00000723  ADC12MEM1_H                
00000722  ADC12MEM1_L                
00000724  ADC12MEM2                  
00000725  ADC12MEM2_H                
00000724  ADC12MEM2_L                
00000726  ADC12MEM3                  
00000727  ADC12MEM3_H                
00000726  ADC12MEM3_L                
00000728  ADC12MEM4                  
00000729  ADC12MEM4_H                
00000728  ADC12MEM4_L                
0000072a  ADC12MEM5                  
0000072b  ADC12MEM5_H                
0000072a  ADC12MEM5_L                
0000072c  ADC12MEM6                  
0000072d  ADC12MEM6_H                
0000072c  ADC12MEM6_L                
0000072e  ADC12MEM7                  
0000072f  ADC12MEM7_H                
0000072e  ADC12MEM7_L                
00000730  ADC12MEM8                  
00000731  ADC12MEM8_H                
00000730  ADC12MEM8_L                
00000732  ADC12MEM9                  
00000733  ADC12MEM9_H                
00000732  ADC12MEM9_L                
00013aec  C$$EXIT                    
0001330c  C$$IO$$                    
000008c0  CBCTL0                     
000008c1  CBCTL0_H                   
000008c0  CBCTL0_L                   
000008c2  CBCTL1                     
000008c3  CBCTL1_H                   
000008c2  CBCTL1_L                   
000008c4  CBCTL2                     
000008c5  CBCTL2_H                   
000008c4  CBCTL2_L                   
000008c6  CBCTL3                     
000008c7  CBCTL3_H                   
000008c6  CBCTL3_L                   
000008cc  CBINT                      
000008cd  CBINT_H                    
000008cc  CBINT_L                    
000008ce  CBIV                       
00000150  CRCDI                      
00000152  CRCDIRB                    
00000153  CRCDIRB_H                  
00000152  CRCDIRB_L                  
00000151  CRCDI_H                    
00000150  CRCDI_L                    
00000154  CRCINIRES                  
00000155  CRCINIRES_H                
00000154  CRCINIRES_L                
00000156  CRCRESR                    
00000157  CRCRESR_H                  
00000156  CRCRESR_L                  
00011f6a  ComputeAES                 
00011c98  ComputeScrambling          
00000510  DMA0CTL                    
00000511  DMA0CTL_H                  
00000510  DMA0CTL_L                  
00000516  DMA0DA                     
00000518  DMA0DAH                    
00000516  DMA0DAL                    
00000512  DMA0SA                     
00000514  DMA0SAH                    
00000512  DMA0SAL                    
0000051a  DMA0SZ                     
00000520  DMA1CTL                    
00000521  DMA1CTL_H                  
00000520  DMA1CTL_L                  
00000526  DMA1DA                     
00000528  DMA1DAH                    
00000526  DMA1DAL                    
00000522  DMA1SA                     
00000524  DMA1SAH                    
00000522  DMA1SAL                    
0000052a  DMA1SZ                     
00000530  DMA2CTL                    
00000531  DMA2CTL_H                  
00000530  DMA2CTL_L                  
00000536  DMA2DA                     
00000538  DMA2DAH                    
00000536  DMA2DAL                    
00000532  DMA2SA                     
00000534  DMA2SAH                    
00000532  DMA2SAL                    
0000053a  DMA2SZ                     
00000500  DMACTL0                    
00000501  DMACTL0_H                  
00000500  DMACTL0_L                  
00000502  DMACTL1                    
00000503  DMACTL1_H                  
00000502  DMACTL1_L                  
00000504  DMACTL2                    
00000505  DMACTL2_H                  
00000504  DMACTL2_L                  
00000506  DMACTL3                    
00000507  DMACTL3_H                  
00000506  DMACTL3_L                  
00000508  DMACTL4                    
00000509  DMACTL4_H                  
00000508  DMACTL4_L                  
0000050e  DMAIV                      
0000050f  DMAIV_H                    
0000050e  DMAIV_L                    
00010b2a  DecodeFrame                
000026aa  DynamicMemoryTable         
00000140  FCTL1                      
00000141  FCTL1_H                    
00000140  FCTL1_L                    
00000144  FCTL3                      
00000145  FCTL3_H                    
00000144  FCTL3_L                    
00000146  FCTL4                      
00000147  FCTL4_H                    
00000146  FCTL4_L                    
000137f4  GPIO_setOutputHighOnPin    
00013810  GPIO_setOutputLowOnPin     
00012df8  HOSTclose                  
00011bfa  HOSTlseek                  
0001222c  HOSTopen                   
000125f6  HOSTread                   
00012148  HOSTrename                 
00012f6c  HOSTunlink                 
0001244e  HOSTwrite                  
000004c4  MAC                        
000004da  MAC32H                     
000004db  MAC32H_H                   
000004da  MAC32H_L                   
000004d8  MAC32L                     
000004d9  MAC32L_H                   
000004d8  MAC32L_L                   
000004c6  MACS                       
000004de  MACS32H                    
000004df  MACS32H_H                  
000004de  MACS32H_L                  
000004dc  MACS32L                    
000004dd  MACS32L_H                  
000004dc  MACS32L_L                  
000004c7  MACS_H                     
000004c6  MACS_L                     
000004c5  MAC_H                      
000004c4  MAC_L                      
000004c0  MPY                        
000004ec  MPY32CTL0                  
000004ed  MPY32CTL0_H                
000004ec  MPY32CTL0_L                
000004d2  MPY32H                     
000004d3  MPY32H_H                   
000004d2  MPY32H_L                   
000004d0  MPY32L                     
000004d1  MPY32L_H                   
000004d0  MPY32L_L                   
000004c2  MPYS                       
000004d6  MPYS32H                    
000004d7  MPYS32H_H                  
000004d6  MPYS32H_L                  
000004d4  MPYS32L                    
000004d5  MPYS32L_H                  
000004d4  MPYS32L_L                  
000004c3  MPYS_H                     
000004c2  MPYS_L                     
000004c1  MPY_H                      
000004c0  MPY_L                      
00012974  Next_Pn11                  
000129d0  Next_Pn9                   
00002834  NonVRam                    
000004c8  OP2                        
000004e2  OP2H                       
000004e3  OP2H_H                     
000004e2  OP2H_L                     
000004e0  OP2L                       
000004e1  OP2L_H                     
000004e0  OP2L_L                     
000004c9  OP2_H                      
000004c8  OP2_L                      
0000020e  P1IV                       
0000021e  P2IV                       
000001e0  P4MAP01                    
000001e1  P4MAP01_H                  
000001e0  P4MAP01_L                  
000001e2  P4MAP23                    
000001e3  P4MAP23_H                  
000001e2  P4MAP23_L                  
000001e4  P4MAP45                    
000001e5  P4MAP45_H                  
000001e4  P4MAP45_L                  
000001e6  P4MAP67                    
000001e7  P4MAP67_H                  
000001e6  P4MAP67_L                  
00000204  PADIR                      
00000205  PADIR_H                    
00000204  PADIR_L                    
00000208  PADS                       
00000209  PADS_H                     
00000208  PADS_L                     
0000021a  PAIE                       
00000218  PAIES                      
00000219  PAIES_H                    
00000218  PAIES_L                    
0000021b  PAIE_H                     
0000021a  PAIE_L                     
0000021c  PAIFG                      
0000021d  PAIFG_H                    
0000021c  PAIFG_L                    
00000200  PAIN                       
00000201  PAIN_H                     
00000200  PAIN_L                     
00000202  PAOUT                      
00000203  PAOUT_H                    
00000202  PAOUT_L                    
00000206  PAREN                      
00000207  PAREN_H                    
00000206  PAREN_L                    
0000020a  PASEL                      
0000020b  PASEL_H                    
0000020a  PASEL_L                    
00000224  PBDIR                      
00000225  PBDIR_H                    
00000224  PBDIR_L                    
00000228  PBDS                       
00000229  PBDS_H                     
00000228  PBDS_L                     
00000220  PBIN                       
00000221  PBIN_H                     
00000220  PBIN_L                     
00000222  PBOUT                      
00000223  PBOUT_H                    
00000222  PBOUT_L                    
00000226  PBREN                      
00000227  PBREN_H                    
00000226  PBREN_L                    
0000022a  PBSEL                      
0000022b  PBSEL_H                    
0000022a  PBSEL_L                    
00000244  PCDIR                      
00000245  PCDIR_H                    
00000244  PCDIR_L                    
00000248  PCDS                       
00000249  PCDS_H                     
00000248  PCDS_L                     
00000240  PCIN                       
00000241  PCIN_H                     
00000240  PCIN_L                     
00000242  PCOUT                      
00000243  PCOUT_H                    
00000242  PCOUT_L                    
00000246  PCREN                      
00000247  PCREN_H                    
00000246  PCREN_L                    
0000024a  PCSEL                      
0000024b  PCSEL_H                    
0000024a  PCSEL_L                    
00000264  PDDIR                      
00000265  PDDIR_H                    
00000264  PDDIR_L                    
00000268  PDDS                       
00000269  PDDS_H                     
00000268  PDDS_L                     
00000260  PDIN                       
00000261  PDIN_H                     
00000260  PDIN_L                     
00000262  PDOUT                      
00000263  PDOUT_H                    
00000262  PDOUT_L                    
00000266  PDREN                      
00000267  PDREN_H                    
00000266  PDREN_L                    
0000026a  PDSEL                      
0000026b  PDSEL_H                    
0000026a  PDSEL_L                    
00000324  PJDIR                      
00000325  PJDIR_H                    
00000324  PJDIR_L                    
00000328  PJDS                       
00000329  PJDS_H                     
00000328  PJDS_L                     
00000320  PJIN                       
00000321  PJIN_H                     
00000320  PJIN_L                     
00000322  PJOUT                      
00000323  PJOUT_H                    
00000322  PJOUT_L                    
00000326  PJREN                      
00000327  PJREN_H                    
00000326  PJREN_L                    
00000130  PM5CTL0                    
00000131  PM5CTL0_H                  
00000130  PM5CTL0_L                  
000001c2  PMAPCTL                    
000001c3  PMAPCTL_H                  
000001c2  PMAPCTL_L                  
000001c0  PMAPKEYID                  
000001c1  PMAPKEYID_H                
000001c0  PMAPKEYID_L                
00000120  PMMCTL0                    
00000121  PMMCTL0_H                  
00000120  PMMCTL0_L                  
00000122  PMMCTL1                    
00000123  PMMCTL1_H                  
00000122  PMMCTL1_L                  
0000012c  PMMIFG                     
0000012d  PMMIFG_H                   
0000012c  PMMIFG_L                   
0000012e  PMMRIE                     
0000012f  PMMRIE_H                   
0000012e  PMMRIE_L                   
00011aae  RADIO_change_frequency     
00013aa4  RADIO_close_chip           
00011d34  RADIO_init_chip            
000113e6  RADIO_modulate             
00012376  RADIO_start_rf_carrier     
00012a2c  RADIO_stop_rf_carrier      
00000158  RCCTL0                     
00000159  RCCTL0_H                   
00000158  RCCTL0_L                   
000001b0  REFCTL0                    
000001b1  REFCTL0_H                  
000001b0  REFCTL0_L                  
000004e4  RES0                       
000004e5  RES0_H                     
000004e4  RES0_L                     
000004e6  RES1                       
000004e7  RES1_H                     
000004e6  RES1_L                     
000004e8  RES2                       
000004e9  RES2_H                     
000004e8  RES2_L                     
000004ea  RES3                       
000004eb  RES3_H                     
000004ea  RES3_L                     
000004cc  RESHI                      
000004cd  RESHI_H                    
000004cc  RESHI_L                    
000004ca  RESLO                      
000004cb  RESLO_H                    
000004ca  RESLO_L                    
000004ba  RTCADOWDAY                 
000004bb  RTCADOWDAY_H               
000004ba  RTCADOWDAY_L               
000004b8  RTCAMINHR                  
000004b9  RTCAMINHR_H                
000004b8  RTCAMINHR_L                
000004a0  RTCCTL01                   
000004a1  RTCCTL01_H                 
000004a0  RTCCTL01_L                 
000004a2  RTCCTL23                   
000004a3  RTCCTL23_H                 
000004a2  RTCCTL23_L                 
000004b4  RTCDATE                    
000004b5  RTCDATE_H                  
000004b4  RTCDATE_L                  
000004ae  RTCIV                      
000004ac  RTCPS                      
000004a8  RTCPS0CTL                  
000004a9  RTCPS0CTL_H                
000004a8  RTCPS0CTL_L                
000004aa  RTCPS1CTL                  
000004ab  RTCPS1CTL_H                
000004aa  RTCPS1CTL_L                
000004ad  RTCPS_H                    
000004ac  RTCPS_L                    
000004b0  RTCTIM0                    
000004b1  RTCTIM0_H                  
000004b0  RTCTIM0_L                  
000004b2  RTCTIM1                    
000004b3  RTCTIM1_H                  
000004b2  RTCTIM1_L                  
000004b6  RTCYEAR                    
000004b7  RTCYEAR_H                  
000004b6  RTCYEAR_L                  
00004a6a  Rcon                       
00002680  ReceivedPayload            
00002668  RxCF                       
00001900  RxFrequency                
00000100  SFRIE1                     
00000101  SFRIE1_H                   
00000100  SFRIE1_L                   
00000102  SFRIFG1                    
00000103  SFRIFG1_H                  
00000102  SFRIFG1_L                  
00000104  SFRRPCR                    
00000105  SFRRPCR_H                  
00000104  SFRRPCR_L                  
000004ce  SUMEXT                     
000004cf  SUMEXT_H                   
000004ce  SUMEXT_L                   
00000124  SVSMHCTL                   
00000125  SVSMHCTL_H                 
00000124  SVSMHCTL_L                 
00000128  SVSMIO                     
00000129  SVSMIO_H                   
00000128  SVSMIO_L                   
00000126  SVSMLCTL                   
00000127  SVSMLCTL_H                 
00000126  SVSMLCTL_L                 
00000198  SYSBERRIV                  
00000199  SYSBERRIV_H                
00000198  SYSBERRIV_L                
00000182  SYSBSLC                    
00000183  SYSBSLC_H                  
00000182  SYSBSLC_L                  
00000180  SYSCTL                     
00000181  SYSCTL_H                   
00000180  SYSCTL_L                   
00000186  SYSJMBC                    
00000187  SYSJMBC_H                  
00000186  SYSJMBC_L                  
00000188  SYSJMBI0                   
00000189  SYSJMBI0_H                 
00000188  SYSJMBI0_L                 
0000018a  SYSJMBI1                   
0000018b  SYSJMBI1_H                 
0000018a  SYSJMBI1_L                 
0000018c  SYSJMBO0                   
0000018d  SYSJMBO0_H                 
0000018c  SYSJMBO0_L                 
0000018e  SYSJMBO1                   
0000018f  SYSJMBO1_H                 
0000018e  SYSJMBO1_L                 
0000019e  SYSRSTIV                   
0000019f  SYSRSTIV_H                 
0000019e  SYSRSTIV_L                 
0000019c  SYSSNIV                    
0000019d  SYSSNIV_H                  
0000019c  SYSSNIV_L                  
0000019a  SYSUNIV                    
0000019b  SYSUNIV_H                  
0000019a  SYSUNIV_L                  
000111b4  SfxInit                    
00010ed8  SfxSendFrame               
00002670  Standard                   
0000285a  SysState                   
00000352  TA0CCR0                    
00000354  TA0CCR1                    
00000356  TA0CCR2                    
00000358  TA0CCR3                    
0000035a  TA0CCR4                    
00000342  TA0CCTL0                   
00000344  TA0CCTL1                   
00000346  TA0CCTL2                   
00000348  TA0CCTL3                   
0000034a  TA0CCTL4                   
00000340  TA0CTL                     
00000360  TA0EX0                     
0000036e  TA0IV                      
00000350  TA0R                       
00000392  TA1CCR0                    
00000394  TA1CCR1                    
00000396  TA1CCR2                    
00000382  TA1CCTL0                   
00000384  TA1CCTL1                   
00000386  TA1CCTL2                   
00000380  TA1CTL                     
000003a0  TA1EX0                     
000003ae  TA1IV                      
00000390  TA1R                       
00000412  TA2CCR0                    
00000414  TA2CCR1                    
00000416  TA2CCR2                    
00000402  TA2CCTL0                   
00000404  TA2CCTL1                   
00000406  TA2CCTL2                   
00000400  TA2CTL                     
00000420  TA2EX0                     
0000042e  TA2IV                      
00000410  TA2R                       
000003d2  TB0CCR0                    
000003d4  TB0CCR1                    
000003d6  TB0CCR2                    
000003d8  TB0CCR3                    
000003da  TB0CCR4                    
000003dc  TB0CCR5                    
000003de  TB0CCR6                    
000003c2  TB0CCTL0                   
000003c4  TB0CCTL1                   
000003c6  TB0CCTL2                   
000003c8  TB0CCTL3                   
000003ca  TB0CCTL4                   
000003cc  TB0CCTL5                   
000003ce  TB0CCTL6                   
000003c0  TB0CTL                     
000003e0  TB0EX0                     
000003ee  TB0IV                      
000003d0  TB0R                       
00004520  TIMER0_A0_ISR              
0000269e  TIMER0_timeout             
0000455c  TIMER1_A0_ISR              
00013880  TIMER_bitrate_init         
00013a3a  TIMER_bitrate_start        
00013a64  TIMER_bitrate_stop         
000136ee  TIMER_downlink_timing_init 
000027fe  Table_30bytes              
00002822  Table_32bytes              
00002828  Table_64bytes              
0000282e  Table_8bytes               
00002664  TxCF                       
00001880  TxFrequency                
00013adc  TxInit                     
00013710  TxProcess                  
00002658  TxRep                      
0000266c  TxRepeat                   
000005d0  UCA0ABCTL                  
000005c6  UCA0BRW                    
000005c7  UCA0BRW_H                  
000005c6  UCA0BRW_L                  
000005c0  UCA0CTLW0                  
000005c1  UCA0CTLW0_H                
000005c0  UCA0CTLW0_L                
000005dc  UCA0ICTL                   
000005dd  UCA0ICTL_H                 
000005dc  UCA0ICTL_L                 
000005d2  UCA0IRCTL                  
000005d3  UCA0IRCTL_H                
000005d2  UCA0IRCTL_L                
000005de  UCA0IV                     
000005c8  UCA0MCTL                   
000005cc  UCA0RXBUF                  
000005ca  UCA0STAT                   
000005ce  UCA0TXBUF                  
00000610  UCA1ABCTL                  
00000606  UCA1BRW                    
00000607  UCA1BRW_H                  
00000606  UCA1BRW_L                  
00000600  UCA1CTLW0                  
00000601  UCA1CTLW0_H                
00000600  UCA1CTLW0_L                
0000061c  UCA1ICTL                   
0000061d  UCA1ICTL_H                 
0000061c  UCA1ICTL_L                 
00000612  UCA1IRCTL                  
00000613  UCA1IRCTL_H                
00000612  UCA1IRCTL_L                
0000061e  UCA1IV                     
00000608  UCA1MCTL                   
0000060c  UCA1RXBUF                  
0000060a  UCA1STAT                   
0000060e  UCA1TXBUF                  
000005e6  UCB0BRW                    
000005e7  UCB0BRW_H                  
000005e6  UCB0BRW_L                  
000005e0  UCB0CTLW0                  
000005e1  UCB0CTLW0_H                
000005e0  UCB0CTLW0_L                
000005f0  UCB0I2COA                  
000005f1  UCB0I2COA_H                
000005f0  UCB0I2COA_L                
000005f2  UCB0I2CSA                  
000005f3  UCB0I2CSA_H                
000005f2  UCB0I2CSA_L                
000005fc  UCB0ICTL                   
000005fd  UCB0ICTL_H                 
000005fc  UCB0ICTL_L                 
000005fe  UCB0IV                     
000005ec  UCB0RXBUF                  
000005ea  UCB0STAT                   
000005ee  UCB0TXBUF                  
00000626  UCB1BRW                    
00000627  UCB1BRW_H                  
00000626  UCB1BRW_L                  
00000620  UCB1CTLW0                  
00000621  UCB1CTLW0_H                
00000620  UCB1CTLW0_L                
00000630  UCB1I2COA                  
00000631  UCB1I2COA_H                
00000630  UCB1I2COA_L                
00000632  UCB1I2CSA                  
00000633  UCB1I2CSA_H                
00000632  UCB1I2CSA_L                
0000063c  UCB1ICTL                   
0000063d  UCB1ICTL_H                 
0000063c  UCB1ICTL_L                 
0000063e  UCB1IV                     
0000062c  UCB1RXBUF                  
0000062a  UCB1STAT                   
0000062e  UCB1TXBUF                  
00000160  UCSCTL0                    
00000161  UCSCTL0_H                  
00000160  UCSCTL0_L                  
00000162  UCSCTL1                    
00000163  UCSCTL1_H                  
00000162  UCSCTL1_L                  
00000164  UCSCTL2                    
00000165  UCSCTL2_H                  
00000164  UCSCTL2_L                  
00000166  UCSCTL3                    
00000167  UCSCTL3_H                  
00000166  UCSCTL3_L                  
00000168  UCSCTL4                    
00000169  UCSCTL4_H                  
00000168  UCSCTL4_L                  
0000016a  UCSCTL5                    
0000016b  UCSCTL5_H                  
0000016a  UCSCTL5_L                  
0000016c  UCSCTL6                    
0000016d  UCSCTL6_H                  
0000016c  UCSCTL6_L                  
0000016e  UCSCTL7                    
0000016f  UCSCTL7_H                  
0000016e  UCSCTL7_L                  
00000170  UCSCTL8                    
00000171  UCSCTL8_H                  
00000170  UCSCTL8_L                  
00000902  USBCNF                     
00000903  USBCNF_H                   
00000902  USBCNF_L                   
0000093c  USBCTL                     
0000093a  USBFN                      
0000093b  USBFN_H                    
0000093a  USBFN_L                    
0000093f  USBFUNADR                  
0000093d  USBIE                      
00002378  USBIEP0BUF                 
000023c9  USBIEPBBAX_1               
000023d1  USBIEPBBAX_2               
000023d9  USBIEPBBAX_3               
000023e1  USBIEPBBAX_4               
000023e9  USBIEPBBAX_5               
000023f1  USBIEPBBAX_6               
000023f9  USBIEPBBAX_7               
000023cd  USBIEPBBAY_1               
000023d5  USBIEPBBAY_2               
000023dd  USBIEPBBAY_3               
000023e5  USBIEPBBAY_4               
000023ed  USBIEPBBAY_5               
000023f5  USBIEPBBAY_6               
000023fd  USBIEPBBAY_7               
000023ca  USBIEPBCTX_1               
000023d2  USBIEPBCTX_2               
000023da  USBIEPBCTX_3               
000023e2  USBIEPBCTX_4               
000023ea  USBIEPBCTX_5               
000023f2  USBIEPBCTX_6               
000023fa  USBIEPBCTX_7               
000023ce  USBIEPBCTY_1               
000023d6  USBIEPBCTY_2               
000023de  USBIEPBCTY_3               
000023e6  USBIEPBCTY_4               
000023ee  USBIEPBCTY_5               
000023f6  USBIEPBCTY_6               
000023fe  USBIEPBCTY_7               
00000920  USBIEPCNF_0                
000023c8  USBIEPCNF_1                
000023d0  USBIEPCNF_2                
000023d8  USBIEPCNF_3                
000023e0  USBIEPCNF_4                
000023e8  USBIEPCNF_5                
000023f0  USBIEPCNF_6                
000023f8  USBIEPCNF_7                
00000921  USBIEPCNT_0                
0000092e  USBIEPIE                   
00000930  USBIEPIFG                  
000023cf  USBIEPSIZXY_1              
000023d7  USBIEPSIZXY_2              
000023df  USBIEPSIZXY_3              
000023e7  USBIEPSIZXY_4              
000023ef  USBIEPSIZXY_5              
000023f7  USBIEPSIZXY_6              
000023ff  USBIEPSIZXY_7              
0000093e  USBIFG                     
00000900  USBKEYID                   
00000901  USBKEYID_H                 
00000900  USBKEYID_L                 
00000936  USBMAINT                   
00000937  USBMAINT_H                 
00000936  USBMAINT_L                 
00002370  USBOEP0BUF                 
00002389  USBOEPBBAX_1               
00002391  USBOEPBBAX_2               
00002399  USBOEPBBAX_3               
000023a1  USBOEPBBAX_4               
000023a9  USBOEPBBAX_5               
000023b1  USBOEPBBAX_6               
000023b9  USBOEPBBAX_7               
0000238d  USBOEPBBAY_1               
00002395  USBOEPBBAY_2               
0000239d  USBOEPBBAY_3               
000023a5  USBOEPBBAY_4               
000023ad  USBOEPBBAY_5               
000023b5  USBOEPBBAY_6               
000023bd  USBOEPBBAY_7               
0000238a  USBOEPBCTX_1               
00002392  USBOEPBCTX_2               
0000239a  USBOEPBCTX_3               
000023a2  USBOEPBCTX_4               
000023aa  USBOEPBCTX_5               
000023b2  USBOEPBCTX_6               
000023ba  USBOEPBCTX_7               
0000238e  USBOEPBCTY_1               
00002396  USBOEPBCTY_2               
0000239e  USBOEPBCTY_3               
000023a6  USBOEPBCTY_4               
000023ae  USBOEPBCTY_5               
000023b6  USBOEPBCTY_6               
000023be  USBOEPBCTY_7               
00000922  USBOEPCNF_0                
00002388  USBOEPCNF_1                
00002390  USBOEPCNF_2                
00002398  USBOEPCNF_3                
000023a0  USBOEPCNF_4                
000023a8  USBOEPCNF_5                
000023b0  USBOEPCNF_6                
000023b8  USBOEPCNF_7                
00000923  USBOEPCNT_0                
0000092f  USBOEPIE                   
00000931  USBOEPIFG                  
0000238f  USBOEPSIZXY_1              
00002397  USBOEPSIZXY_2              
0000239f  USBOEPSIZXY_3              
000023a7  USBOEPSIZXY_4              
000023af  USBOEPSIZXY_5              
000023b7  USBOEPSIZXY_6              
000023bf  USBOEPSIZXY_7              
00000904  USBPHYCTL                  
00000905  USBPHYCTL_H                
00000904  USBPHYCTL_L                
00000910  USBPLLCTL                  
00000911  USBPLLCTL_H                
00000910  USBPLLCTL_L                
00000912  USBPLLDIVB                 
00000913  USBPLLDIVB_H               
00000912  USBPLLDIVB_L               
00000914  USBPLLIR                   
00000915  USBPLLIR_H                 
00000914  USBPLLIR_L                 
00000908  USBPWRCTL                  
00000909  USBPWRCTL_H                
00000908  USBPWRCTL_L                
00001c00  USBSTABUFF                 
00002380  USBSUBLK                   
0000236f  USBTOPBUFF                 
00000938  USBTSREG                   
00000939  USBTSREG_H                 
00000938  USBTSREG_L                 
00000932  USBVECINT                  
00000933  USBVECINT_H                
00000932  USBVECINT_L                
00004400  USCI_A1_ISR                
0000015c  WDTCTL                     
0000015d  WDTCTL_H                   
0000015c  WDTCTL_L                   
00002866  _CIOBUF_                   
00004400  __STACK_END                
000000a0  __STACK_SIZE               
000000a0  __SYSMEM_SIZE              
00004b2a  __TI_CINIT_Base            
00004b62  __TI_CINIT_Limit           
00004afa  __TI_Handler_Table_Base    
00004b06  __TI_Handler_Table_Limit   
UNDEFED   __TI_INITARRAY_Base        
UNDEFED   __TI_INITARRAY_Limit       
00004564  __TI_ISR_TRAP              
000132a4  __TI_cleanup               
0000268e  __TI_cleanup_ptr           
000121bc  __TI_closefile             
000139d6  __TI_decompress_none       
00013ae2  __TI_decompress_rle24      
0001272e  __TI_doflush               
00002692  __TI_dtors_ptr             
000103c0  __TI_frcmpyd               
000026a6  __TI_ft_end                
0000ffd2  __TI_int41                 
0000ffd4  __TI_int42                 
0000ffd6  __TI_int43                 
0000ffd8  __TI_int44                 
0000ffda  __TI_int45                 
0000ffdc  __TI_int46                 
0000ffde  __TI_int47                 
0000ffe0  __TI_int48                 
0000ffe2  __TI_int49                 
0000ffe4  __TI_int50                 
0000ffe6  __TI_int51                 
0000ffe8  __TI_int52                 
0000ffea  __TI_int53                 
0000ffec  __TI_int54                 
0000ffee  __TI_int55                 
0000fff0  __TI_int56                 
0000fff2  __TI_int57                 
0000fff4  __TI_int58                 
0000fff6  __TI_int59                 
0000fff8  __TI_int60                 
0000fffa  __TI_int61                 
0000fffc  __TI_int62                 
000133b2  __TI_readmsg               
0000274e  __TI_tmpnams               
000132da  __TI_writemsg              
00011eec  __TI_wrt_ok                
000136ca  __TI_zero_init             
ffffffff  __binit__                  
ffffffff  __c_args__                 
0001358e  __mspabi_divi              
00013940  __mspabi_divu              
00012cf8  __mspabi_divul             
000126c6  __mspabi_fixdul            
00011fe6  __mspabi_fltuld            
000106a4  __mspabi_mpyd              
00013956  __mspabi_mpyi_f5hw         
00013754  __mspabi_mpyl_f5hw         
0001358e  __mspabi_remi              
00013940  __mspabi_remu              
00012cf8  __mspabi_remul             
00013a90  __mspabi_slli              
00013a1a  __mspabi_slll              
00013136  __mspabi_slll_1            
00013112  __mspabi_slll_10           
0001310e  __mspabi_slll_11           
0001310a  __mspabi_slll_12           
00013106  __mspabi_slll_13           
00013102  __mspabi_slll_14           
000130fe  __mspabi_slll_15           
00013132  __mspabi_slll_2            
0001312e  __mspabi_slll_3            
0001312a  __mspabi_slll_4            
00013126  __mspabi_slll_5            
00013122  __mspabi_slll_6            
0001311e  __mspabi_slll_7            
0001311a  __mspabi_slll_8            
00013116  __mspabi_slll_9            
000130f8  __mspabi_sral_1            
000130d4  __mspabi_sral_10           
000130d0  __mspabi_sral_11           
000130cc  __mspabi_sral_12           
000130c8  __mspabi_sral_13           
000130c4  __mspabi_sral_14           
000130c0  __mspabi_sral_15           
000130f4  __mspabi_sral_2            
000130f0  __mspabi_sral_3            
000130ec  __mspabi_sral_4            
000130e8  __mspabi_sral_5            
000130e4  __mspabi_sral_6            
000130e0  __mspabi_sral_7            
000130dc  __mspabi_sral_8            
000130d8  __mspabi_sral_9            
00013a9a  __mspabi_srli              
00013a2a  __mspabi_srll              
00013174  __mspabi_srll_1            
00013150  __mspabi_srll_10           
0001314c  __mspabi_srll_11           
00013148  __mspabi_srll_12           
00013144  __mspabi_srll_13           
00013140  __mspabi_srll_14           
0001313c  __mspabi_srll_15           
00013170  __mspabi_srll_2            
0001316c  __mspabi_srll_3            
00013168  __mspabi_srll_4            
00013164  __mspabi_srll_5            
00013160  __mspabi_srll_6            
0001315c  __mspabi_srll_7            
00013158  __mspabi_srll_8            
00013154  __mspabi_srll_9            
0001389a  _abort_msg                 
000123e2  _auto_init_hold_wdt        
00004540  _c_int00_noargs            
00002400  _ftable                    
00002696  _lock                      
00013af0  _nop                       
0000fffe  _reset_vector              
00004360  _stack                     
00002988  _sys_memory                
00013ae8  _system_pre_init           
0000269a  _unlock                    
00013aec  abort                      
00010000  aes_enc_dec                
ffffffff  binit                      
00012da6  blink_green                
00012792  blink_leds                 
00012e44  blink_red                  
000134a8  bspAssert                  
000137d6  bspInit                    
00013636  bspKeyInit                 
00012ff8  bspKeyPushed               
000138b4  bspLedClear                
00013776  bspLedInit                 
000138cc  bspLedSet                  
00011b56  bspSysClockSpeedSet        
00012a86  cc112xSpiReadReg           
000139fa  cc112xSpiReadRxFifo        
00012ae0  cc112xSpiWriteReg          
0001326c  circBufGetData             
00013310  circBufPutData             
00013732  circBufRemainder           
00012b3a  close                      
00013346  crc16                      
000133e4  crc8                       
000124b8  decode_bch                 
00013a7c  disable_water              
00002654  doorSensor                 
00002656  doorStatus                 
00013a86  enable_water               
00013504  exit                       
00012c48  fflush                     
00008000  flash_array                
00012e90  flash_erase_segment        
000138e4  flash_read_data            
00012522  flash_read_wear_level      
0001303c  flash_write_data           
000119fe  flash_write_wear_level     
000114e6  fputs                      
00011e5e  free                       
0001258c  fseek                      
00013a0a  galois_mul2                
00013560  halDigio2IntClear          
00012916  halDigio2IntConnect        
000135e4  halDigio2IntEnable         
00012eda  halDigio2IntSetEdge        
00012308  halUartInit                
000138fc  halUartStartTx             
00001980  id                         
00002660  id_ptr                     
00001984  key                        
0000265c  key_ptr                    
00004a22  log_alpha                  
0001317a  lseek                      
00011878  main                       
00011944  malloc                     
00013914  memchr                     
000139ae  memcpy                     
0001392a  memset                     
00002674  message                    
0001307e  minit                      
00002862  packetSemaphore            
00004484  port1_ISR                  
000044d2  port2_ISR                  
00004a42  pow_alpha                  
00013478  remove                     
0001205c  resetCF                    
0000456a  rsbox                      
0000257c  rx_buf                     
00002863  rx_end_of_str              
00002864  rx_str_length              
0000466a  sbox                       
000116c4  setvbuf                    
00011dcc  sfx_AES_128_cbc_encrypt    
00013ab4  sfx_StartRxTimeout         
00013abc  sfx_StartWaitingTimeout    
00013a70  sfx_StopRxTimeout          
000139c2  sfx_WaitForTimeoutRx       
00013ac4  sfx_change_frequency       
00013acc  sfx_close                  
00012d50  sfx_delay                  
00012bee  sfx_free                   
0001360e  sfx_get_nv_mem             
0001396c  sfx_get_voltage_temperature
00013ad4  sfx_getrssivalue           
00013796  sfx_init                   
00012856  sfx_malloc                 
000128b6  sfx_send                   
0001382c  sfx_set_nv_mem             
000117a4  sfx_waitframe              
0000265a  standard                   
00013848  strchr                     
00013864  strcmp                     
000139e8  strcpy                     
00013a48  strlen                     
00013416  strncpy                    
00012f24  trx16BitRegAccess          
00013232  trx8BitRegAccess           
00013982  trxClearIntFlag            
00013998  trxEnableInt               
000137b6  trxIsrConnect              
000131b8  trxRfSpiInterfaceInit      
0001365c  trxSpiCmdStrobe            
000025b8  tx_buf                     
00013a56  uartPutChar                
00002812  uart_rx_buf                
000026a1  uart_state                 
0000281a  uart_tx_buf                
00013478  unlink                     
000131f6  write                      


GLOBAL SYMBOLS: SORTED BY Symbol Address 

address   name                       
-------   ----                       
000000a0  __STACK_SIZE               
000000a0  __SYSMEM_SIZE              
00000100  SFRIE1                     
00000100  SFRIE1_L                   
00000101  SFRIE1_H                   
00000102  SFRIFG1                    
00000102  SFRIFG1_L                  
00000103  SFRIFG1_H                  
00000104  SFRRPCR                    
00000104  SFRRPCR_L                  
00000105  SFRRPCR_H                  
00000120  PMMCTL0                    
00000120  PMMCTL0_L                  
00000121  PMMCTL0_H                  
00000122  PMMCTL1                    
00000122  PMMCTL1_L                  
00000123  PMMCTL1_H                  
00000124  SVSMHCTL                   
00000124  SVSMHCTL_L                 
00000125  SVSMHCTL_H                 
00000126  SVSMLCTL                   
00000126  SVSMLCTL_L                 
00000127  SVSMLCTL_H                 
00000128  SVSMIO                     
00000128  SVSMIO_L                   
00000129  SVSMIO_H                   
0000012c  PMMIFG                     
0000012c  PMMIFG_L                   
0000012d  PMMIFG_H                   
0000012e  PMMRIE                     
0000012e  PMMRIE_L                   
0000012f  PMMRIE_H                   
00000130  PM5CTL0                    
00000130  PM5CTL0_L                  
00000131  PM5CTL0_H                  
00000140  FCTL1                      
00000140  FCTL1_L                    
00000141  FCTL1_H                    
00000144  FCTL3                      
00000144  FCTL3_L                    
00000145  FCTL3_H                    
00000146  FCTL4                      
00000146  FCTL4_L                    
00000147  FCTL4_H                    
00000150  CRCDI                      
00000150  CRCDI_L                    
00000151  CRCDI_H                    
00000152  CRCDIRB                    
00000152  CRCDIRB_L                  
00000153  CRCDIRB_H                  
00000154  CRCINIRES                  
00000154  CRCINIRES_L                
00000155  CRCINIRES_H                
00000156  CRCRESR                    
00000156  CRCRESR_L                  
00000157  CRCRESR_H                  
00000158  RCCTL0                     
00000158  RCCTL0_L                   
00000159  RCCTL0_H                   
0000015c  WDTCTL                     
0000015c  WDTCTL_L                   
0000015d  WDTCTL_H                   
00000160  UCSCTL0                    
00000160  UCSCTL0_L                  
00000161  UCSCTL0_H                  
00000162  UCSCTL1                    
00000162  UCSCTL1_L                  
00000163  UCSCTL1_H                  
00000164  UCSCTL2                    
00000164  UCSCTL2_L                  
00000165  UCSCTL2_H                  
00000166  UCSCTL3                    
00000166  UCSCTL3_L                  
00000167  UCSCTL3_H                  
00000168  UCSCTL4                    
00000168  UCSCTL4_L                  
00000169  UCSCTL4_H                  
0000016a  UCSCTL5                    
0000016a  UCSCTL5_L                  
0000016b  UCSCTL5_H                  
0000016c  UCSCTL6                    
0000016c  UCSCTL6_L                  
0000016d  UCSCTL6_H                  
0000016e  UCSCTL7                    
0000016e  UCSCTL7_L                  
0000016f  UCSCTL7_H                  
00000170  UCSCTL8                    
00000170  UCSCTL8_L                  
00000171  UCSCTL8_H                  
00000180  SYSCTL                     
00000180  SYSCTL_L                   
00000181  SYSCTL_H                   
00000182  SYSBSLC                    
00000182  SYSBSLC_L                  
00000183  SYSBSLC_H                  
00000186  SYSJMBC                    
00000186  SYSJMBC_L                  
00000187  SYSJMBC_H                  
00000188  SYSJMBI0                   
00000188  SYSJMBI0_L                 
00000189  SYSJMBI0_H                 
0000018a  SYSJMBI1                   
0000018a  SYSJMBI1_L                 
0000018b  SYSJMBI1_H                 
0000018c  SYSJMBO0                   
0000018c  SYSJMBO0_L                 
0000018d  SYSJMBO0_H                 
0000018e  SYSJMBO1                   
0000018e  SYSJMBO1_L                 
0000018f  SYSJMBO1_H                 
00000198  SYSBERRIV                  
00000198  SYSBERRIV_L                
00000199  SYSBERRIV_H                
0000019a  SYSUNIV                    
0000019a  SYSUNIV_L                  
0000019b  SYSUNIV_H                  
0000019c  SYSSNIV                    
0000019c  SYSSNIV_L                  
0000019d  SYSSNIV_H                  
0000019e  SYSRSTIV                   
0000019e  SYSRSTIV_L                 
0000019f  SYSRSTIV_H                 
000001b0  REFCTL0                    
000001b0  REFCTL0_L                  
000001b1  REFCTL0_H                  
000001c0  PMAPKEYID                  
000001c0  PMAPKEYID_L                
000001c1  PMAPKEYID_H                
000001c2  PMAPCTL                    
000001c2  PMAPCTL_L                  
000001c3  PMAPCTL_H                  
000001e0  P4MAP01                    
000001e0  P4MAP01_L                  
000001e1  P4MAP01_H                  
000001e2  P4MAP23                    
000001e2  P4MAP23_L                  
000001e3  P4MAP23_H                  
000001e4  P4MAP45                    
000001e4  P4MAP45_L                  
000001e5  P4MAP45_H                  
000001e6  P4MAP67                    
000001e6  P4MAP67_L                  
000001e7  P4MAP67_H                  
00000200  PAIN                       
00000200  PAIN_L                     
00000201  PAIN_H                     
00000202  PAOUT                      
00000202  PAOUT_L                    
00000203  PAOUT_H                    
00000204  PADIR                      
00000204  PADIR_L                    
00000205  PADIR_H                    
00000206  PAREN                      
00000206  PAREN_L                    
00000207  PAREN_H                    
00000208  PADS                       
00000208  PADS_L                     
00000209  PADS_H                     
0000020a  PASEL                      
0000020a  PASEL_L                    
0000020b  PASEL_H                    
0000020e  P1IV                       
00000218  PAIES                      
00000218  PAIES_L                    
[...]
0000063c  UCB1ICTL                   
0000063c  UCB1ICTL_L                 
0000063d  UCB1ICTL_H                 
0000063e  UCB1IV                     
00000700  ADC12CTL0                  
00000700  ADC12CTL0_L                
00000701  ADC12CTL0_H                
00000702  ADC12CTL1                  
00000702  ADC12CTL1_L                
00000703  ADC12CTL1_H                
00000704  ADC12CTL2                  
00000704  ADC12CTL2_L                
00000705  ADC12CTL2_H                
0000070a  ADC12IFG                   
0000070a  ADC12IFG_L                 
0000070b  ADC12IFG_H                 
0000070c  ADC12IE                    
0000070c  ADC12IE_L                  
0000070d  ADC12IE_H                  
0000070e  ADC12IV                    
0000070e  ADC12IV_L                  
0000070f  ADC12IV_H                  
00000710  ADC12MCTL0                 
00000711  ADC12MCTL1                 
00000712  ADC12MCTL2                 
00000713  ADC12MCTL3                 
00000714  ADC12MCTL4                 
00000715  ADC12MCTL5                 
00000716  ADC12MCTL6                 
00000717  ADC12MCTL7                 
00000718  ADC12MCTL8                 
00000719  ADC12MCTL9                 
0000071a  ADC12MCTL10                
0000071b  ADC12MCTL11                
0000071c  ADC12MCTL12                
0000071d  ADC12MCTL13                
0000071e  ADC12MCTL14                
0000071f  ADC12MCTL15                
00000720  ADC12MEM0                  
00000720  ADC12MEM0_L                
00000721  ADC12MEM0_H                
00000722  ADC12MEM1                  
00000722  ADC12MEM1_L                
00000723  ADC12MEM1_H                
00000724  ADC12MEM2                  
00000724  ADC12MEM2_L                
00000725  ADC12MEM2_H                
00000726  ADC12MEM3                  
00000726  ADC12MEM3_L                
00000727  ADC12MEM3_H                
00000728  ADC12MEM4                  
00000728  ADC12MEM4_L                
00000729  ADC12MEM4_H                
0000072a  ADC12MEM5                  
0000072a  ADC12MEM5_L                
0000072b  ADC12MEM5_H                
0000072c  ADC12MEM6                  
0000072c  ADC12MEM6_L                
0000072d  ADC12MEM6_H                
0000072e  ADC12MEM7                  
0000072e  ADC12MEM7_L                
0000072f  ADC12MEM7_H                
00000730  ADC12MEM8                  
00000730  ADC12MEM8_L                
00000731  ADC12MEM8_H                
00000732  ADC12MEM9                  
00000732  ADC12MEM9_L                
00000733  ADC12MEM9_H                
00000734  ADC12MEM10                 
00000734  ADC12MEM10_L               
00000735  ADC12MEM10_H               
00000736  ADC12MEM11                 
00000736  ADC12MEM11_L               
00000737  ADC12MEM11_H               
00000738  ADC12MEM12                 
00000738  ADC12MEM12_L               
00000739  ADC12MEM12_H               
0000073a  ADC12MEM13                 
0000073a  ADC12MEM13_L               
0000073b  ADC12MEM13_H               
0000073c  ADC12MEM14                 
0000073c  ADC12MEM14_L               
0000073d  ADC12MEM14_H               
0000073e  ADC12MEM15                 
0000073e  ADC12MEM15_L               
0000073f  ADC12MEM15_H               
000008c0  CBCTL0                     
000008c0  CBCTL0_L                   
000008c1  CBCTL0_H                   
000008c2  CBCTL1                     
000008c2  CBCTL1_L                   
000008c3  CBCTL1_H                   
000008c4  CBCTL2                     
000008c4  CBCTL2_L                   
000008c5  CBCTL2_H                   
000008c6  CBCTL3                     
000008c6  CBCTL3_L                   
000008c7  CBCTL3_H                   
000008cc  CBINT                      
000008cc  CBINT_L                    
000008cd  CBINT_H                    
000008ce  CBIV                       
00000900  USBKEYID                   
00000900  USBKEYID_L                 
00000901  USBKEYID_H                 
00000902  USBCNF                     
00000902  USBCNF_L                   
00000903  USBCNF_H                   
00000904  USBPHYCTL                  
00000904  USBPHYCTL_L                
00000905  USBPHYCTL_H                
00000908  USBPWRCTL                  
00000908  USBPWRCTL_L                
00000909  USBPWRCTL_H                
00000910  USBPLLCTL                  
00000910  USBPLLCTL_L                
00000911  USBPLLCTL_H                
00000912  USBPLLDIVB                 
00000912  USBPLLDIVB_L               
00000913  USBPLLDIVB_H               
00000914  USBPLLIR                   
00000914  USBPLLIR_L                 
00000915  USBPLLIR_H                 
00000920  USBIEPCNF_0                
00000921  USBIEPCNT_0                
00000922  USBOEPCNF_0                
00000923  USBOEPCNT_0                
0000092e  USBIEPIE                   
0000092f  USBOEPIE                   
00000930  USBIEPIFG                  
00000931  USBOEPIFG                  
00000932  USBVECINT                  
00000932  USBVECINT_L                
00000933  USBVECINT_H                
00000936  USBMAINT                   
00000936  USBMAINT_L                 
00000937  USBMAINT_H                 
00000938  USBTSREG                   
00000938  USBTSREG_L                 
00000939  USBTSREG_H                 
0000093a  USBFN                      
0000093a  USBFN_L                    
0000093b  USBFN_H                    
0000093c  USBCTL                     
0000093d  USBIE                      
0000093e  USBIFG                     
0000093f  USBFUNADR                  
00001880  TxFrequency                
00001900  RxFrequency                
00001980  id                         
00001984  key                        
00001c00  USBSTABUFF                 
0000236f  USBTOPBUFF                 
00002370  USBOEP0BUF                 
00002378  USBIEP0BUF                 
00002380  USBSUBLK                   
00002388  USBOEPCNF_1                
00002389  USBOEPBBAX_1               
0000238a  USBOEPBCTX_1               
0000238d  USBOEPBBAY_1               
0000238e  USBOEPBCTY_1               
0000238f  USBOEPSIZXY_1              
00002390  USBOEPCNF_2                
00002391  USBOEPBBAX_2               
00002392  USBOEPBCTX_2               
00002395  USBOEPBBAY_2               
00002396  USBOEPBCTY_2               
00002397  USBOEPSIZXY_2              
00002398  USBOEPCNF_3                
00002399  USBOEPBBAX_3               
0000239a  USBOEPBCTX_3               
0000239d  USBOEPBBAY_3               
0000239e  USBOEPBCTY_3               
0000239f  USBOEPSIZXY_3              
000023a0  USBOEPCNF_4                
000023a1  USBOEPBBAX_4               
000023a2  USBOEPBCTX_4               
000023a5  USBOEPBBAY_4               
000023a6  USBOEPBCTY_4               
000023a7  USBOEPSIZXY_4              
000023a8  USBOEPCNF_5                
000023a9  USBOEPBBAX_5               
000023aa  USBOEPBCTX_5               
000023ad  USBOEPBBAY_5               
000023ae  USBOEPBCTY_5               
000023af  USBOEPSIZXY_5              
000023b0  USBOEPCNF_6                
000023b1  USBOEPBBAX_6               
000023b2  USBOEPBCTX_6               
000023b5  USBOEPBBAY_6               
000023b6  USBOEPBCTY_6               
000023b7  USBOEPSIZXY_6              
000023b8  USBOEPCNF_7                
000023b9  USBOEPBBAX_7               
000023ba  USBOEPBCTX_7               
000023bd  USBOEPBBAY_7               
000023be  USBOEPBCTY_7               
000023bf  USBOEPSIZXY_7              
000023c8  USBIEPCNF_1                
000023c9  USBIEPBBAX_1               
000023ca  USBIEPBCTX_1               
000023cd  USBIEPBBAY_1               
000023ce  USBIEPBCTY_1               
000023cf  USBIEPSIZXY_1              
000023d0  USBIEPCNF_2                
000023d1  USBIEPBBAX_2               
000023d2  USBIEPBCTX_2               
000023d5  USBIEPBBAY_2               
000023d6  USBIEPBCTY_2               
000023d7  USBIEPSIZXY_2              
000023d8  USBIEPCNF_3                
000023d9  USBIEPBBAX_3               
000023da  USBIEPBCTX_3               
000023dd  USBIEPBBAY_3               
000023de  USBIEPBCTY_3               
000023df  USBIEPSIZXY_3              
000023e0  USBIEPCNF_4                
000023e1  USBIEPBBAX_4               
000023e2  USBIEPBCTX_4               
000023e5  USBIEPBBAY_4               
000023e6  USBIEPBCTY_4               
000023e7  USBIEPSIZXY_4              
000023e8  USBIEPCNF_5                
000023e9  USBIEPBBAX_5               
000023ea  USBIEPBCTX_5               
000023ed  USBIEPBBAY_5               
000023ee  USBIEPBCTY_5               
000023ef  USBIEPSIZXY_5              
000023f0  USBIEPCNF_6                
000023f1  USBIEPBBAX_6               
000023f2  USBIEPBCTX_6               
000023f5  USBIEPBBAY_6               
000023f6  USBIEPBCTY_6               
000023f7  USBIEPSIZXY_6              
000023f8  USBIEPCNF_7                
000023f9  USBIEPBBAX_7               
000023fa  USBIEPBCTX_7               
000023fd  USBIEPBBAY_7               
000023fe  USBIEPBCTY_7               
000023ff  USBIEPSIZXY_7              
00002400  _ftable                    
0000257c  rx_buf                     
000025b8  tx_buf                     
00002654  doorSensor                 
00002656  doorStatus                 
00002658  TxRep                      
0000265a  standard                   
0000265c  key_ptr                    
00002660  id_ptr                     
00002664  TxCF                       
00002668  RxCF                       
0000266c  TxRepeat                   
00002670  Standard                   
00002674  message                    
00002680  ReceivedPayload            
0000268e  __TI_cleanup_ptr           
00002692  __TI_dtors_ptr             
00002696  _lock                      
0000269a  _unlock                    
0000269e  TIMER0_timeout             
000026a1  uart_state                 
000026a6  __TI_ft_end                
000026aa  DynamicMemoryTable         
0000274e  __TI_tmpnams               
000027fe  Table_30bytes              
00002812  uart_rx_buf                
0000281a  uart_tx_buf                
00002822  Table_32bytes              
00002828  Table_64bytes              
0000282e  Table_8bytes               
00002834  NonVRam                    
0000285a  SysState                   
00002862  packetSemaphore            
00002863  rx_end_of_str              
00002864  rx_str_length              
00002866  _CIOBUF_                   
00002988  _sys_memory                
00004360  _stack                     
00004400  USCI_A1_ISR                
00004400  __STACK_END                
00004484  port1_ISR                  
000044d2  port2_ISR                  
00004520  TIMER0_A0_ISR              
00004540  _c_int00_noargs            
0000455c  TIMER1_A0_ISR              
00004564  __TI_ISR_TRAP              
0000456a  rsbox                      
0000466a  sbox                       
00004a22  log_alpha                  
00004a42  pow_alpha                  
00004a6a  Rcon                       
00004afa  __TI_Handler_Table_Base    
00004b06  __TI_Handler_Table_Limit   
00004b2a  __TI_CINIT_Base            
00004b62  __TI_CINIT_Limit           
00008000  flash_array                
0000ffd2  __TI_int41                 
0000ffd4  __TI_int42                 
0000ffd6  __TI_int43                 
0000ffd8  __TI_int44                 
0000ffda  __TI_int45                 
0000ffdc  __TI_int46                 
0000ffde  __TI_int47                 
0000ffe0  __TI_int48                 
0000ffe2  __TI_int49                 
0000ffe4  __TI_int50                 
0000ffe6  __TI_int51                 
0000ffe8  __TI_int52                 
0000ffea  __TI_int53                 
0000ffec  __TI_int54                 
0000ffee  __TI_int55                 
0000fff0  __TI_int56                 
0000fff2  __TI_int57                 
0000fff4  __TI_int58                 
0000fff6  __TI_int59                 
0000fff8  __TI_int60                 
0000fffa  __TI_int61                 
0000fffc  __TI_int62                 
0000fffe  _reset_vector              
00010000  aes_enc_dec                
000103c0  __TI_frcmpyd               
000106a4  __mspabi_mpyd              
00010b2a  DecodeFrame                
00010ed8  SfxSendFrame               
000111b4  SfxInit                    
000113e6  RADIO_modulate             
000114e6  fputs                      
000116c4  setvbuf                    
000117a4  sfx_waitframe              
00011878  main                       
00011944  malloc                     
000119fe  flash_write_wear_level     
00011aae  RADIO_change_frequency     
00011b56  bspSysClockSpeedSet        
00011bfa  HOSTlseek                  
00011c98  ComputeScrambling          
00011d34  RADIO_init_chip            
00011dcc  sfx_AES_128_cbc_encrypt    
00011e5e  free                       
00011eec  __TI_wrt_ok                
00011f6a  ComputeAES                 
00011fe6  __mspabi_fltuld            
0001205c  resetCF                    
00012148  HOSTrename                 
000121bc  __TI_closefile             
0001222c  HOSTopen                   
00012308  halUartInit                
00012376  RADIO_start_rf_carrier     
000123e2  _auto_init_hold_wdt        
0001244e  HOSTwrite                  
000124b8  decode_bch                 
00012522  flash_read_wear_level      
0001258c  fseek                      
000125f6  HOSTread                   
000126c6  __mspabi_fixdul            
0001272e  __TI_doflush               
00012792  blink_leds                 
00012856  sfx_malloc                 
000128b6  sfx_send                   
00012916  halDigio2IntConnect        
00012974  Next_Pn11                  
000129d0  Next_Pn9                   
00012a2c  RADIO_stop_rf_carrier      
00012a86  cc112xSpiReadReg           
00012ae0  cc112xSpiWriteReg          
00012b3a  close                      
00012bee  sfx_free                   
00012c48  fflush                     
00012cf8  __mspabi_divul             
00012cf8  __mspabi_remul             
00012d50  sfx_delay                  
00012da6  blink_green                
00012df8  HOSTclose                  
00012e44  blink_red                  
00012e90  flash_erase_segment        
00012eda  halDigio2IntSetEdge        
00012f24  trx16BitRegAccess          
00012f6c  HOSTunlink                 
00012ff8  bspKeyPushed               
0001303c  flash_write_data           
0001307e  minit                      
000130c0  __mspabi_sral_15           
000130c4  __mspabi_sral_14           
000130c8  __mspabi_sral_13           
000130cc  __mspabi_sral_12           
000130d0  __mspabi_sral_11           
000130d4  __mspabi_sral_10           
000130d8  __mspabi_sral_9            
000130dc  __mspabi_sral_8            
000130e0  __mspabi_sral_7            
000130e4  __mspabi_sral_6            
000130e8  __mspabi_sral_5            
000130ec  __mspabi_sral_4            
000130f0  __mspabi_sral_3            
000130f4  __mspabi_sral_2            
000130f8  __mspabi_sral_1            
000130fe  __mspabi_slll_15           
00013102  __mspabi_slll_14           
00013106  __mspabi_slll_13           
0001310a  __mspabi_slll_12           
0001310e  __mspabi_slll_11           
00013112  __mspabi_slll_10           
00013116  __mspabi_slll_9            
0001311a  __mspabi_slll_8            
0001311e  __mspabi_slll_7            
00013122  __mspabi_slll_6            
00013126  __mspabi_slll_5            
0001312a  __mspabi_slll_4            
0001312e  __mspabi_slll_3            
00013132  __mspabi_slll_2            
00013136  __mspabi_slll_1            
0001313c  __mspabi_srll_15           
00013140  __mspabi_srll_14           
00013144  __mspabi_srll_13           
00013148  __mspabi_srll_12           
0001314c  __mspabi_srll_11           
00013150  __mspabi_srll_10           
00013154  __mspabi_srll_9            
00013158  __mspabi_srll_8            
0001315c  __mspabi_srll_7            
00013160  __mspabi_srll_6            
00013164  __mspabi_srll_5            
00013168  __mspabi_srll_4            
0001316c  __mspabi_srll_3            
00013170  __mspabi_srll_2            
00013174  __mspabi_srll_1            
0001317a  lseek                      
000131b8  trxRfSpiInterfaceInit      
000131f6  write                      
00013232  trx8BitRegAccess           
0001326c  circBufGetData             
000132a4  __TI_cleanup               
000132da  __TI_writemsg              
0001330c  C$$IO$$                    
00013310  circBufPutData             
00013346  crc16                      
000133b2  __TI_readmsg               
000133e4  crc8                       
00013416  strncpy                    
00013478  remove                     
00013478  unlink                     
000134a8  bspAssert                  
00013504  exit                       
00013560  halDigio2IntClear          
0001358e  __mspabi_divi              
0001358e  __mspabi_remi              
000135e4  halDigio2IntEnable         
0001360e  sfx_get_nv_mem             
00013636  bspKeyInit                 
0001365c  trxSpiCmdStrobe            
000136ca  __TI_zero_init             
000136ee  TIMER_downlink_timing_init 
00013710  TxProcess                  
00013732  circBufRemainder           
00013754  __mspabi_mpyl_f5hw         
00013776  bspLedInit                 
00013796  sfx_init                   
000137b6  trxIsrConnect              
000137d6  bspInit                    
000137f4  GPIO_setOutputHighOnPin    
00013810  GPIO_setOutputLowOnPin     
0001382c  sfx_set_nv_mem             
00013848  strchr                     
00013864  strcmp                     
00013880  TIMER_bitrate_init         
0001389a  _abort_msg                 
000138b4  bspLedClear                
000138cc  bspLedSet                  
000138e4  flash_read_data            
000138fc  halUartStartTx             
00013914  memchr                     
0001392a  memset                     
00013940  __mspabi_divu              
00013940  __mspabi_remu              
00013956  __mspabi_mpyi_f5hw         
0001396c  sfx_get_voltage_temperature
00013982  trxClearIntFlag            
00013998  trxEnableInt               
000139ae  memcpy                     
000139c2  sfx_WaitForTimeoutRx       
000139d6  __TI_decompress_none       
000139e8  strcpy                     
000139fa  cc112xSpiReadRxFifo        
00013a0a  galois_mul2                
00013a1a  __mspabi_slll              
00013a2a  __mspabi_srll              
00013a3a  TIMER_bitrate_start        
00013a48  strlen                     
00013a56  uartPutChar                
00013a64  TIMER_bitrate_stop         
00013a70  sfx_StopRxTimeout          
00013a7c  disable_water              
00013a86  enable_water               
00013a90  __mspabi_slli              
00013a9a  __mspabi_srli              
00013aa4  RADIO_close_chip           
00013ab4  sfx_StartRxTimeout         
00013abc  sfx_StartWaitingTimeout    
00013ac4  sfx_change_frequency       
00013acc  sfx_close                  
00013ad4  sfx_getrssivalue           
00013adc  TxInit                     
00013ae2  __TI_decompress_rle24      
00013ae8  _system_pre_init           
00013aec  C$$EXIT                    
00013aec  abort                      
00013af0  _nop                       
ffffffff  __binit__                  
ffffffff  __c_args__                 
ffffffff  binit                      
UNDEFED   __TI_INITARRAY_Base        
UNDEFED   __TI_INITARRAY_Limit       

[1026 symbols]
