******************************************************************************
                  MSP430 Linker PC v4.4.5                      
******************************************************************************
>> Linked Sat Nov 21 22:16:18 2015

OUTPUT FILE NAME:   <Ti_SigFox_SDK_Demo_v1_3_3_1 HACKATHON.out>
ENTRY POINT SYMBOL: "_c_int00_noargs"  address: 00004540


MEMORY CONFIGURATION

         name            origin    length      used     unused   attr    fill
----------------------  --------  ---------  --------  --------  ----  --------
  SFR                   00000000   00000010  00000000  00000010  RWIX
  PERIPHERALS_8BIT      00000010   000000f0  00000000  000000f0  RWIX
  PERIPHERALS_16BIT     00000100   00000100  00000000  00000100  RWIX
  INFOD                 00001800   00000080  00000000  00000080  RWIX
  INFOC                 00001880   00000080  00000004  0000007c  RWIX
  INFOB                 00001900   00000080  00000004  0000007c  RWIX
  INFOA                 00001980   00000080  00000014  0000006c  RWIX
  USBRAM                00001c00   00000800  00000000  00000800  RWIX
  RAM                   00002400   00002000  000006ca  00001936  RWIX
  FLASH                 00004400   0000bb80  00000fe6  0000ab9a  RWIX
  INT00                 0000ff80   00000002  00000000  00000002  RWIX
  INT01                 0000ff82   00000002  00000000  00000002  RWIX
  INT02                 0000ff84   00000002  00000000  00000002  RWIX
  INT03                 0000ff86   00000002  00000000  00000002  RWIX
  INT04                 0000ff88   00000002  00000000  00000002  RWIX
  INT05                 0000ff8a   00000002  00000000  00000002  RWIX
  INT06                 0000ff8c   00000002  00000000  00000002  RWIX
  INT07                 0000ff8e   00000002  00000000  00000002  RWIX
  INT08                 0000ff90   00000002  00000000  00000002  RWIX
  INT09                 0000ff92   00000002  00000000  00000002  RWIX
  INT10                 0000ff94   00000002  00000000  00000002  RWIX
  INT11                 0000ff96   00000002  00000000  00000002  RWIX
  INT12                 0000ff98   00000002  00000000  00000002  RWIX
  INT13                 0000ff9a   00000002  00000000  00000002  RWIX
  INT14                 0000ff9c   00000002  00000000  00000002  RWIX
  INT15                 0000ff9e   00000002  00000000  00000002  RWIX
  INT16                 0000ffa0   00000002  00000000  00000002  RWIX
  INT17                 0000ffa2   00000002  00000000  00000002  RWIX
  INT18                 0000ffa4   00000002  00000000  00000002  RWIX
  INT19                 0000ffa6   00000002  00000000  00000002  RWIX
  INT20                 0000ffa8   00000002  00000000  00000002  RWIX
  INT21                 0000ffaa   00000002  00000000  00000002  RWIX
  INT22                 0000ffac   00000002  00000000  00000002  RWIX
  INT23                 0000ffae   00000002  00000000  00000002  RWIX
  INT24                 0000ffb0   00000002  00000000  00000002  RWIX
  INT25                 0000ffb2   00000002  00000000  00000002  RWIX
  INT26                 0000ffb4   00000002  00000000  00000002  RWIX
  INT27                 0000ffb6   00000002  00000000  00000002  RWIX
  INT28                 0000ffb8   00000002  00000000  00000002  RWIX
  INT29                 0000ffba   00000002  00000000  00000002  RWIX
  INT30                 0000ffbc   00000002  00000000  00000002  RWIX
  INT31                 0000ffbe   00000002  00000000  00000002  RWIX
  INT32                 0000ffc0   00000002  00000000  00000002  RWIX
  INT33                 0000ffc2   00000002  00000000  00000002  RWIX
  INT34                 0000ffc4   00000002  00000000  00000002  RWIX
  INT35                 0000ffc6   00000002  00000000  00000002  RWIX
  INT36                 0000ffc8   00000002  00000000  00000002  RWIX
  INT37                 0000ffca   00000002  00000000  00000002  RWIX
  INT38                 0000ffcc   00000002  00000000  00000002  RWIX
  INT39                 0000ffce   00000002  00000000  00000002  RWIX
  INT40                 0000ffd0   00000002  00000000  00000002  RWIX
  INT41                 0000ffd2   00000002  00000002  00000000  RWIX
  INT42                 0000ffd4   00000002  00000002  00000000  RWIX
  INT43                 0000ffd6   00000002  00000002  00000000  RWIX
  INT44                 0000ffd8   00000002  00000002  00000000  RWIX
  INT45                 0000ffda   00000002  00000002  00000000  RWIX
  INT46                 0000ffdc   00000002  00000002  00000000  RWIX
  INT47                 0000ffde   00000002  00000002  00000000  RWIX
  INT48                 0000ffe0   00000002  00000002  00000000  RWIX
  INT49                 0000ffe2   00000002  00000002  00000000  RWIX
  INT50                 0000ffe4   00000002  00000002  00000000  RWIX
  INT51                 0000ffe6   00000002  00000002  00000000  RWIX
  INT52                 0000ffe8   00000002  00000002  00000000  RWIX
  INT53                 0000ffea   00000002  00000002  00000000  RWIX
  INT54                 0000ffec   00000002  00000002  00000000  RWIX
  INT55                 0000ffee   00000002  00000002  00000000  RWIX
  INT56                 0000fff0   00000002  00000002  00000000  RWIX
  INT57                 0000fff2   00000002  00000002  00000000  RWIX
  INT58                 0000fff4   00000002  00000002  00000000  RWIX
  INT59                 0000fff6   00000002  00000002  00000000  RWIX
  INT60                 0000fff8   00000002  00000002  00000000  RWIX
  INT61                 0000fffa   00000002  00000002  00000000  RWIX
  INT62                 0000fffc   00000002  00000002  00000000  RWIX
  RESET                 0000fffe   00000002  00000002  00000000  RWIX
  FLASH2                00010000   00014400  00004950  0000fab0  RWIX


SECTION ALLOCATION MAP

 output                                  attributes/
section   page    origin      length       input sections
--------  ----  ----------  ----------   ----------------
.infoC     0    00001880    00000004     UNINITIALIZED
                  00001880    00000004     sigfox_demo.obj (.infoC)

.infoB     0    00001900    00000004     UNINITIALIZED
                  00001900    00000004     sigfox_demo.obj (.infoB)

.infoA     0    00001980    00000014     UNINITIALIZED
                  00001980    00000014     sigfox_demo.obj (.infoA)

.data      0    00002400    000002ae     UNINITIALIZED
                  00002400    000000c8     rts430x_lc_rd_eabi.lib : defs.obj (.data:_ftable)
                  000024c8    00000078                            : lowlev.obj (.data:_device)
                  00002540    0000003c                            : lowlev.obj (.data:_stream)
                  0000257c    0000003c     uart_drv.obj (.data:rx_buf)
                  000025b8    0000003c     uart_drv.obj (.data:tx_buf)
                  000025f4    00000020     libsigfox.lib : sigfox_hmac.obj (.data:in)
                  00002614    00000020     hal_digio2.obj (.data:port1_isr_tbl)
                  00002634    00000020     hal_digio2.obj (.data:port2_isr_tbl)
                  00002654    0000001c     sigfox_demo.obj (.data)
                  00002670    0000000c     sigfox_demo.obj (.data:message)
                  0000267c    00000008     sigfox_demo.obj (.data:ReceivedPayload)
                  00002684    00000008     host_cmd.obj (.data)
                  0000268c    00000006     libsigfox.lib : sigfox_frame.obj (.data:pn_save)
                  00002692    00000004     rts430x_lc_rd_eabi.lib : exit_gvars.obj (.data:__TI_cleanup_ptr)
                  00002696    00000004                            : exit_gvars.obj (.data:__TI_dtors_ptr)
                  0000269a    00000004                            : _lock.obj (.data:_lock)
                  0000269e    00000004                            : _lock.obj (.data:_unlock)
                  000026a2    00000003     timer.obj (.data)
                  000026a5    00000001     uart_drv.obj (.data)
                  000026a6    00000002     libsigfox.lib : sigfox_frame.obj (.data)
                  000026a8    00000002     manufacturer_api.obj (.data)
                  000026aa    00000002     rts430x_lc_rd_eabi.lib : defs.obj (.data)
                  000026ac    00000002                            : memory.obj (.data)

.bss       0    000026ae    000001bc     UNINITIALIZED
                  000026ae    000000a4     (.common:DynamicMemoryTable)
                  00002752    000000a0     (.common:__TI_tmpnams)
                  000027f2    00000010     (.common:AES_IO)
                  00002802    0000000c     (.common:Table_30bytes)
                  0000280e    00000008     (.common:parmbuf)
                  00002816    00000008     (.common:uart_rx_buf)
                  0000281e    00000008     (.common:uart_tx_buf)
                  00002826    00000006     (.common:Table_32bytes)
                  0000282c    00000006     (.common:Table_64bytes)
                  00002832    00000006     (.common:Table_8bytes)
                  00002838    00000004     (.common:NonVRam)
                  0000283c    00000004     (.common:RxFrequency)
                  00002840    00000004     (.common:TxFrequency)
                  00002844    00000004     (.common:frame)
                  00002848    00000004     (.common:sending_frame)
                  0000284c    00000004     (.common:sys_base)
                  00002850    00000004     (.common:sys_free)
                  00002854    00000004     (.common:u32_Gfrequency)
                  00002858    00000004     (.common:ui32BspMclkSpeed)
                  0000285c    00000002     (.common:Std)
                  0000285e    00000002     (.common:SysState)
                  00002860    00000002     (.common:bit_index_in_frame)
                  00002862    00000002     (.common:memsize)
                  00002864    00000001     (.common:TxRepeatNb)
                  00002865    00000001     (.common:b_Diff)
                  00002866    00000001     (.common:packetSemaphore)
                  00002867    00000001     (.common:rx_end_of_str)
                  00002868    00000001     (.common:rx_str_length)
                  00002869    00000001     (.common:ui8BspKeyMode)

.cio       0    0000286a    00000120     UNINITIALIZED
                  0000286a    00000120     rts430x_lc_rd_eabi.lib : trgmsg.obj (.cio)

.sysmem    0    0000298c    000000a0     UNINITIALIZED
                  0000298c    00000006     rts430x_lc_rd_eabi.lib : memory.obj (.sysmem)
                  00002992    0000009a     --HOLE--

.stack     0    00004360    000000a0     UNINITIALIZED
                  00004360    00000004     rts430x_lc_rd_eabi.lib : boot.obj (.stack)
                  00004364    0000009c     --HOLE--

.text:_isr 
*          0    00004400    0000016a     
                  00004400    00000084     uart_drv.obj (.text:_isr:USCI_A1_ISR)
                  00004484    0000004e     hal_digio2.obj (.text:_isr:port1_ISR)
                  000044d2    0000004e     hal_digio2.obj (.text:_isr:port2_ISR)
                  00004520    00000020     timer.obj (.text:_isr:TIMER0_A0_ISR)
                  00004540    0000001c     rts430x_lc_rd_eabi.lib : boot_special.obj (.text:_isr:_c_int00_noargs)
                  0000455c    00000008     timer.obj (.text:_isr:TIMER1_A0_ISR)
                  00004564    00000006     rts430x_lc_rd_eabi.lib : isr_trap.obj (.text:_isr:__TI_ISR_TRAP)

.const     0    0000456a    00000582     
                  0000456a    00000100     ti_aes_128.obj (.const:.string:rsbox)
                  0000466a    00000100     ti_aes_128.obj (.const:.string:sbox)
                  0000476a    000000d4     radio.obj (.const:Table_Pa_600bps)
                  0000483e    000000b0     sigfox_demo.obj (.const:.string)
                  000048ee    000000a8     radio.obj (.const:HighPerfModeRx)
                  00004996    0000006c     radio.obj (.const:HighPerfModeTx)
                  00004a02    00000054     libsigfox.lib : sigfox_frame.obj (.const:fsync_lut_tx)
                  00004a56    00000012     host_cmd.obj (.const:.string)
                  00004a68    00000010     libsigfox.lib : sigfox_frame.obj (.const:.string:TestModeTable)
                  00004a78    00000010                   : sigfox_hmac.obj (.const:.string:iv)
                  00004a88    00000010                   : sigfox_bch.obj (.const:.string:log_alpha)
                  00004a98    0000000f                   : sigfox_frame.obj (.const:.string:lg_lut)
                  00004aa7    00000001     --HOLE-- [fill = 0]
                  00004aa8    0000000f                   : sigfox_bch.obj (.const:.string:pow_alpha)
                  00004ab7    00000001     --HOLE-- [fill = 0]
                  00004ab8    0000000c                   : sigfox_scramb.obj (.const:lut_in_0_out)
                  00004ac4    0000000c                   : sigfox_scramb.obj (.const:lut_in_1_out)
                  00004ad0    0000000a     ti_aes_128.obj (.const:.string:Rcon)
                  00004ada    0000000a     manufacturer_api.obj (.const:.string)
                  00004ae4    00000004     libsigfox.lib : sigfox_scramb.obj (.const:.string:lut_in_0)
                  00004ae8    00000004                   : sigfox_scramb.obj (.const:.string:lut_in_1)

.cinit     0    00004aec    000000fa     
                  00004aec    00000091     (.cinit..data.load) [load image, compression = rle]
                  00004b7d    00000001     --HOLE-- [fill = 0]
                  00004b7e    0000000c     (__TI_handler_table)
                  00004b8a    00000006     (.cinit..TI.bound:flash_array.load) [load image, compression = zero_init]
                  00004b90    00000006     (.cinit..bss.load) [load image, compression = zero_init]
                  00004b96    00000006     (.cinit..cio.load) [load image, compression = zero_init]
                  00004b9c    00000006     (.cinit..infoA.load) [load image, compression = zero_init]
                  00004ba2    00000006     (.cinit..infoB.load) [load image, compression = zero_init]
                  00004ba8    00000006     (.cinit..infoC.load) [load image, compression = zero_init]
                  00004bae    00000038     (__TI_cinit_table)

.init_array 
*          0    00004400    00000000     UNINITIALIZED

.TI.persistent 
*          0    00002400    00000000     UNINITIALIZED

.TI.bound:flash_array 
*          0    00008000    00000800     UNINITIALIZED
                  00008000    00000800     flash_drv.obj (.TI.bound:flash_array)

RTC        0    0000ffd2    00000002     
                  0000ffd2    00000002     rts430x_lc_rd_eabi.lib : int41.obj (.int41)

PORT2      0    0000ffd4    00000002     
                  0000ffd4    00000002     hal_digio2.obj (.int42)

TIMER2_A1 
*          0    0000ffd6    00000002     
                  0000ffd6    00000002     rts430x_lc_rd_eabi.lib : int43.obj (.int43)

TIMER2_A0 
*          0    0000ffd8    00000002     
                  0000ffd8    00000002     rts430x_lc_rd_eabi.lib : int44.obj (.int44)

USCI_B1    0    0000ffda    00000002     
                  0000ffda    00000002     rts430x_lc_rd_eabi.lib : int45.obj (.int45)

USCI_A1    0    0000ffdc    00000002     
                  0000ffdc    00000002     uart_drv.obj (.int46)

PORT1      0    0000ffde    00000002     
                  0000ffde    00000002     hal_digio2.obj (.int47)

TIMER1_A1 
*          0    0000ffe0    00000002     
                  0000ffe0    00000002     rts430x_lc_rd_eabi.lib : int48.obj (.int48)

TIMER1_A0 
*          0    0000ffe2    00000002     
                  0000ffe2    00000002     timer.obj (.int49)

DMA        0    0000ffe4    00000002     
                  0000ffe4    00000002     rts430x_lc_rd_eabi.lib : int50.obj (.int50)

USB_UBM    0    0000ffe6    00000002     
                  0000ffe6    00000002     rts430x_lc_rd_eabi.lib : int51.obj (.int51)

TIMER0_A1 
*          0    0000ffe8    00000002     
                  0000ffe8    00000002     rts430x_lc_rd_eabi.lib : int52.obj (.int52)

TIMER0_A0 
*          0    0000ffea    00000002     
                  0000ffea    00000002     timer.obj (.int53)

ADC12      0    0000ffec    00000002     
                  0000ffec    00000002     rts430x_lc_rd_eabi.lib : int54.obj (.int54)

USCI_B0    0    0000ffee    00000002     
                  0000ffee    00000002     rts430x_lc_rd_eabi.lib : int55.obj (.int55)

USCI_A0    0    0000fff0    00000002     
                  0000fff0    00000002     rts430x_lc_rd_eabi.lib : int56.obj (.int56)

WDT        0    0000fff2    00000002     
                  0000fff2    00000002     rts430x_lc_rd_eabi.lib : int57.obj (.int57)

TIMER0_B1 
*          0    0000fff4    00000002     
                  0000fff4    00000002     rts430x_lc_rd_eabi.lib : int58.obj (.int58)

TIMER0_B0 
*          0    0000fff6    00000002     
                  0000fff6    00000002     rts430x_lc_rd_eabi.lib : int59.obj (.int59)

COMP_B     0    0000fff8    00000002     
                  0000fff8    00000002     rts430x_lc_rd_eabi.lib : int60.obj (.int60)

UNMI       0    0000fffa    00000002     
                  0000fffa    00000002     rts430x_lc_rd_eabi.lib : int61.obj (.int61)

SYSNMI     0    0000fffc    00000002     
                  0000fffc    00000002     rts430x_lc_rd_eabi.lib : int62.obj (.int62)

.reset     0    0000fffe    00000002     
                  0000fffe    00000002     rts430x_lc_rd_eabi.lib : boot.obj (.reset)

.text      0    00010000    00004950     
                  00010000    0000085e     host_cmd.obj (.text:parseHostCmd)
                  0001085e    000003c0     ti_aes_128.obj (.text:aes_enc_dec)
                  00010c1e    000002e4     rts430x_lc_rd_eabi.lib : frcmpyd.obj (.text:__TI_frcmpyd)
                  00010f02    00000282                            : mpyd.obj (.text:__mspabi_mpyd)
                  00011184    00000204     libsigfox.lib : sigfox_frame.obj (.text:change_frequency)
                  00011388    000001f4                   : sigfox_decode.obj (.text:DecodeFrame)
                  0001157c    000001d8                   : sigfox_frame.obj (.text:SfxTxTestMode)
                  00011754    000001ba                   : sigfox_frame.obj (.text:MakeFrame)
                  0001190e    00000172                   : sigfox_frame.obj (.text:SfxSendFrame)
                  00011a80    0000016a                   : sigfox_frame.obj (.text:OutOfBandFrame)
                  00011bea    00000156                   : sigfox_frame.obj (.text:SfxSendBit)
                  00011d40    00000126                   : sigfox_frame.obj (.text:SfxInit)
                  00011e66    0000010c     bsp.obj (.text:bspMcuGetSystemClockSettings)
                  00011f72    00000100     radio.obj (.text:RADIO_modulate)
                  00012072    000000f0     rts430x_lc_rd_eabi.lib : fputs.obj (.text:fputs)
                  00012162    000000ee     libsigfox.lib : sigfox_frame.obj (.text:ReceiveLoop)
                  00012250    000000e0     rts430x_lc_rd_eabi.lib : setvbuf.obj (.text:setvbuf)
                  00012330    000000d8     libsigfox.lib : sigfox_frame.obj (.text:SfxRxTestMode)
                  00012408    000000d4     manufacturer_api.obj (.text:sfx_waitframe)
                  000124dc    000000c4     sigfox_demo.obj (.text:main)
                  000125a0    000000be     manufacturer_api.obj (.text:sfx_PrintRxTestResult)
                  0001265e    000000ba     rts430x_lc_rd_eabi.lib : memory.obj (.text:malloc)
                  00012718    000000b0     flash_drv.obj (.text:flash_write_wear_level)
                  000127c8    000000a8     radio.obj (.text:RADIO_change_frequency)
                  00012870    000000a4     bsp.obj (.text:bspSysClockSpeedSet)
                  00012914    0000009e     rts430x_lc_rd_eabi.lib : trgdrv.obj (.text:HOSTlseek)
                  000129b2    0000009c     libsigfox.lib : sigfox_scramb.obj (.text:ComputeScrambling)
                  00012a4e    00000098     radio.obj (.text:RADIO_init_chip)
                  00012ae6    00000096     sigfox_demo.obj (.text:resetCF)
                  00012b7c    00000092     manufacturer_api.obj (.text:sfx_AES_128_cbc_encrypt)
                  00012c0e    0000008e     rts430x_lc_rd_eabi.lib : memory.obj (.text:free)
                  00012c9c    00000080                            : ltoa.obj (.text:ltoa)
                  00012d1c    0000007e                            : _io_perm.obj (.text:__TI_wrt_ok)
                  00012d9a    0000007c     libsigfox.lib : sigfox_hmac.obj (.text:ComputeAES)
                  00012e16    00000076     rts430x_lc_rd_eabi.lib : fltuld.obj (.text:__mspabi_fltuld)
                  00012e8c    00000076     hal_spi_rf_trxeb.obj (.text:trxReadWriteBurstSingle)
                  00012f02    00000074     rts430x_lc_rd_eabi.lib : trgdrv.obj (.text:HOSTrename)
                  00012f76    00000070                            : fclose.obj (.text:__TI_closefile)
                  00012fe6    0000006e                            : trgdrv.obj (.text:HOSTopen)
                  00013054    0000006e     bsp.obj (.text:bspMcuSetVCoreUp)
                  000130c2    0000006e     uart_drv.obj (.text:halUartInit)
                  00013130    0000006c     radio.obj (.text:RADIO_start_rf_carrier)
                  0001319c    0000006c     rts430x_lc_rd_eabi.lib : autoinit_wdt.obj (.text:_auto_init_hold_wdt)
                  00013208    0000006a                            : trgdrv.obj (.text:HOSTwrite)
                  00013272    0000006a     libsigfox.lib : sigfox_bch.obj (.text:decode_bch)
                  000132dc    0000006a     flash_drv.obj (.text:flash_read_wear_level)
                  00013346    0000006a     rts430x_lc_rd_eabi.lib : fseek.obj (.text:fseek)
                  000133b0    00000068                            : trgdrv.obj (.text:HOSTread)
                  00013418    00000068                            : copy_decompress_rle.obj (.text:__TI_decompress_rle_core)
                  00013480    00000068                            : fixdul.obj (.text:__mspabi_fixdul)
                  000134e8    00000064                            : fflush.obj (.text:__TI_doflush)
                  0001354c    00000060     libsigfox.lib : sigfox_frame.obj (.text:Switch_frequency)
                  000135ac    00000060     manufacturer_api.obj (.text:sfx_malloc)
                  0001360c    00000060     manufacturer_api.obj (.text:sfx_send)
                  0001366c    0000005e     hal_digio2.obj (.text:halDigio2IntConnect)
                  000136ca    0000005c     libsigfox.lib : sigfox_Pn9.obj (.text:Next_Pn11)
                  00013726    0000005c                   : sigfox_Pn9.obj (.text:Next_Pn9)
                  00013782    0000005a     radio.obj (.text:RADIO_stop_rf_carrier)
                  000137dc    0000005a     cc112x_spi.obj (.text:cc112xSpiReadReg)
                  00013836    0000005a     cc112x_spi.obj (.text:cc112xSpiWriteReg)
                  00013890    0000005a     rts430x_lc_rd_eabi.lib : lowlev.obj (.text:close)
                  000138ea    0000005a                            : lowlev.obj (.text:getdevice)
                  00013944    0000005a     manufacturer_api.obj (.text:sfx_free)
                  0001399e    0000005a     host_cmd.obj (.text:stringToData)
                  000139f8    00000058     rts430x_lc_rd_eabi.lib : fflush.obj (.text:fflush)
                  00013a50    00000058     sigfox_demo.obj (.text:initMCU)
                  00013aa8    00000058     rts430x_lc_rd_eabi.lib : div32u.obj (.text)
                  00013b00    00000056     manufacturer_api.obj (.text:sfx_delay)
                  00013b56    0000004c     rts430x_lc_rd_eabi.lib : trgdrv.obj (.text:HOSTclose)
                  00013ba2    0000004a     flash_drv.obj (.text:flash_erase_segment)
                  00013bec    0000004a     hal_digio2.obj (.text:halDigio2IntSetEdge)
                  00013c36    00000048     hal_spi_rf_trxeb.obj (.text:trx16BitRegAccess)
                  00013c7e    00000046     rts430x_lc_rd_eabi.lib : trgdrv.obj (.text:HOSTunlink)
                  00013cc4    00000046     sigfox_demo.obj (.text:dynamic_memory_init)
                  00013d0a    00000044     bsp_key.obj (.text:bspKeyPushed)
                  00013d4e    00000042     flash_drv.obj (.text:flash_write_data)
                  00013d90    00000042     rts430x_lc_rd_eabi.lib : memory.obj (.text:minit)
                  00013dd2    00000040     host_cmd.obj (.text:hexToByte)
                  00013e12    00000040     rts430x_lc_rd_eabi.lib : div32s.obj (.text)
                  00013e52    0000003e     libsigfox.lib : sigfox_frame.obj (.text:SfxClose)
                  00013e90    0000003e     rts430x_lc_rd_eabi.lib : asr32.obj (.text:l_asr_const)
                  00013ece    0000003e                            : lsl32.obj (.text:l_lsl_const)
                  00013f0c    0000003e                            : lsr32.obj (.text:l_lsr_const)
                  00013f4a    0000003e                            : lowlev.obj (.text:lseek)
                  00013f88    0000003e     hal_spi_rf_trxeb.obj (.text:trxRfSpiInterfaceInit)
                  00013fc6    0000003c     rts430x_lc_rd_eabi.lib : lowlev.obj (.text:write)
                  00014002    0000003a     hal_spi_rf_trxeb.obj (.text:trx8BitRegAccess)
                  0001403c    00000038     circ_buf.obj (.text:circBufGetData)
                  00014074    00000036     rts430x_lc_rd_eabi.lib : fopen.obj (.text:__TI_cleanup)
                  000140aa    00000036                            : trgmsg.obj (.text:__TI_writemsg)
                  000140e0    00000036     circ_buf.obj (.text:circBufPutData)
                  00014116    00000036     libsigfox.lib : sigfox_crc.obj (.text:crc16)
                  0001414c    00000036     sigfox_demo.obj (.text:memory_block_init)
                  00014182    00000032     rts430x_lc_rd_eabi.lib : trgmsg.obj (.text:__TI_readmsg)
                  000141b4    00000032     libsigfox.lib : sigfox_crc.obj (.text:crc8)
                  000141e6    00000032     rts430x_lc_rd_eabi.lib : strncpy.obj (.text:strncpy)
                  00014218    00000030     bsp.obj (.text:bspMcuSetVCoreDown)
                  00014248    00000030     rts430x_lc_rd_eabi.lib : lowlev.obj (.text:unlink)
                  00014278    0000002e     bsp.obj (.text:bspAssert)
                  000142a6    0000002e     bsp.obj (.text:bspMcuStartXT1)
                  000142d4    0000002e     host_cmd.obj (.text:byteToHex)
                  00014302    0000002e     rts430x_lc_rd_eabi.lib : exit.obj (.text:exit)
                  00014330    0000002e                            : lowlev.obj (.text:finddevice)
                  0001435e    0000002e     hal_digio2.obj (.text:halDigio2IntClear)
                  0001438c    0000002c     host_cmd.obj (.text:dataToString)
                  000143b8    0000002c     rts430x_lc_rd_eabi.lib : div16s.obj (.text)
                  000143e4    0000002a     manufacturer_api.obj (.text:free_memory_block)
                  0001440e    0000002a     hal_digio2.obj (.text:halDigio2IntEnable)
                  00014438    00000028     manufacturer_api.obj (.text:sfx_get_nv_mem)
                  00014460    00000026     bsp_key.obj (.text:bspKeyInit)
                  00014486    00000026     hal_spi_rf_trxeb.obj (.text:trxSpiCmdStrobe)
                  000144ac    00000024     transmission.obj (.text:Read_Bit)
                  000144d0    00000024     bsp.obj (.text:bspMcuSetVCore)
                  000144f4    00000024     rts430x_lc_rd_eabi.lib : copy_zero_init.obj (.text:decompress:ZI:__TI_zero_init)
                  00014518    00000022     timer.obj (.text:TIMER_downlink_timing_init)
                  0001453a    00000022     transmission.obj (.text:TxProcess)
                  0001455c    00000022     circ_buf.obj (.text:circBufRemainder)
                  0001457e    00000022     rts430x_lc_rd_eabi.lib : mult32_f5hw.obj (.text)
                  000145a0    00000022     uart_drv.obj (.text:uartGetStr)
                  000145c2    00000020     bsp_led.obj (.text:bspLedInit)
                  000145e2    00000020     manufacturer_api.obj (.text:sfx_init)
                  00014602    00000020     trx_rf_int.obj (.text:trxIsrConnect)
                  00014622    00000020     uart_drv.obj (.text:uartPutStr)
                  00014642    0000001e     bsp.obj (.text:bspInit)
                  00014660    0000001c     manufacturer_api.obj (.text:sfx_set_nv_mem)
                  0001467c    0000001c     rts430x_lc_rd_eabi.lib : strchr.obj (.text:strchr)
                  00014698    0000001c                            : strcmp.obj (.text:strcmp)
                  000146b4    0000001a     timer.obj (.text:TIMER_bitrate_init)
                  000146ce    0000001a     rts430x_lc_rd_eabi.lib : assert.obj (.text:_abort_msg)
                  000146e8    00000018     radio.obj (.text:RADIO_stop_unmodulated_cw)
                  00014700    00000018     bsp_led.obj (.text:bspLedClear)
                  00014718    00000018     bsp_led.obj (.text:bspLedSet)
                  00014730    00000018     flash_drv.obj (.text:flash_read_data)
                  00014748    00000018     uart_drv.obj (.text:halUartStartTx)
                  00014760    00000016     rts430x_lc_rd_eabi.lib : memchr.obj (.text:memchr)
                  00014776    00000016                            : memset.obj (.text:memset)
                  0001478c    00000016                            : div16u.obj (.text)
                  000147a2    00000016                            : mult16_f5hw.obj (.text)
                  000147b8    00000016     manufacturer_api.obj (.text:sfx_get_voltage_temperature)
                  000147ce    00000016     trx_rf_int.obj (.text:trxClearIntFlag)
                  000147e4    00000016     trx_rf_int.obj (.text:trxEnableInt)
                  000147fa    00000014     rts430x_lc_rd_eabi.lib : memcpy.obj (.text:memcpy)
                  0001480e    00000014     manufacturer_api.obj (.text:sfx_WaitForTimeoutRx)
                  00014822    00000012     rts430x_lc_rd_eabi.lib : copy_decompress_none.obj (.text:decompress:none:__TI_decompress_none)
                  00014834    00000012                            : strcpy.obj (.text:strcpy)
                  00014846    00000010     cc112x_spi.obj (.text:cc112xSpiReadRxFifo)
                  00014856    00000010     ti_aes_128.obj (.text:galois_mul2)
                  00014866    00000010     rts430x_lc_rd_eabi.lib : lsl32.obj (.text:l_lsl)
                  00014876    00000010                            : lsr32.obj (.text:l_lsr)
                  00014886    0000000e     timer.obj (.text:TIMER_bitrate_start)
                  00014894    0000000e     rts430x_lc_rd_eabi.lib : strlen.obj (.text:strlen)
                  000148a2    0000000e     uart_drv.obj (.text:uartPutChar)
                  000148b0    0000000c     timer.obj (.text:TIMER_bitrate_stop)
                  000148bc    0000000c     manufacturer_api.obj (.text:sfx_StopRxTimeout)
                  000148c8    0000000a     radio.obj (.text:RADIO_start_unmodulated_cw)
                  000148d2    0000000a     rts430x_lc_rd_eabi.lib : abs.obj (.text:abs)
                  000148dc    0000000a                            : lsl16.obj (.text)
                  000148e6    0000000a                            : lsr16.obj (.text)
                  000148f0    00000008     radio.obj (.text:RADIO_close_chip)
                  000148f8    00000008     radio.obj (.text:RADIO_rx_packet_interrupt_handler)
                  00014900    00000008     manufacturer_api.obj (.text:sfx_StartRxTimeout)
                  00014908    00000008     manufacturer_api.obj (.text:sfx_StartWaitingTimeout)
                  00014910    00000008     manufacturer_api.obj (.text:sfx_change_frequency)
                  00014918    00000008     manufacturer_api.obj (.text:sfx_close)
                  00014920    00000008     manufacturer_api.obj (.text:sfx_getrssivalue)
                  00014928    00000006     transmission.obj (.text:TxInit)
                  0001492e    00000006     rts430x_lc_rd_eabi.lib : copy_decompress_rle.obj (.text:decompress:rle24:__TI_decompress_rle24)
                  00014934    00000006     uart_drv.obj (.text:uartGetRxEndOfStr)
                  0001493a    00000006     uart_drv.obj (.text:uartGetRxStrLength)
                  00014940    00000006     uart_drv.obj (.text:uartResetRxEndOfStr)
                  00014946    00000004     rts430x_lc_rd_eabi.lib : pre_init.obj (.text:_system_pre_init)
                  0001494a    00000004                            : exit.obj (.text:abort)
                  0001494e    00000002                            : _lock.obj (.text:_nop)


LINKER GENERATED COPY TABLES

__TI_cinit_table @ 00004bae records: 7, size/record: 8, table size: 56
	.data: load addr=00004aec, load size=00000091 bytes, run addr=00002400, run size=000002ae bytes, compression=rle
	.TI.bound:flash_array: load addr=00004b8a, load size=00000006 bytes, run addr=00008000, run size=00000800 bytes, compression=zero_init
	.bss: load addr=00004b90, load size=00000006 bytes, run addr=000026ae, run size=000001bc bytes, compression=zero_init
	.cio: load addr=00004b96, load size=00000006 bytes, run addr=0000286a, run size=00000120 bytes, compression=zero_init
	.infoA: load addr=00004b9c, load size=00000006 bytes, run addr=00001980, run size=00000014 bytes, compression=zero_init
	.infoB: load addr=00004ba2, load size=00000006 bytes, run addr=00001900, run size=00000004 bytes, compression=zero_init
	.infoC: load addr=00004ba8, load size=00000006 bytes, run addr=00001880, run size=00000004 bytes, compression=zero_init


LINKER GENERATED HANDLER TABLE

__TI_handler_table @ 00004b7e records: 3, size/record: 4, table size: 12
	index: 0, handler: __TI_zero_init
	index: 1, handler: __TI_decompress_rle24
	index: 2, handler: __TI_decompress_none


GLOBAL SYMBOLS: SORTED ALPHABETICALLY BY Name 

address   name                       
-------   ----                       
00000700  ADC12CTL0                  
00000701  ADC12CTL0_H                
00000700  ADC12CTL0_L                
00000702  ADC12CTL1                  
00000703  ADC12CTL1_H                
00000702  ADC12CTL1_L                
00000704  ADC12CTL2                  
00000705  ADC12CTL2_H                
00000704  ADC12CTL2_L                
0000070c  ADC12IE                    
0000070d  ADC12IE_H                  
0000070c  ADC12IE_L                  
0000070a  ADC12IFG                   
0000070b  ADC12IFG_H                 
0000070a  ADC12IFG_L                 
0000070e  ADC12IV                    
0000070f  ADC12IV_H                  
0000070e  ADC12IV_L                  
00000710  ADC12MCTL0                 
00000711  ADC12MCTL1                 
0000071a  ADC12MCTL10                
0000071b  ADC12MCTL11                
0000071c  ADC12MCTL12                
0000071d  ADC12MCTL13                
0000071e  ADC12MCTL14                
0000071f  ADC12MCTL15                
00000712  ADC12MCTL2                 
00000713  ADC12MCTL3                 
00000714  ADC12MCTL4                 
00000715  ADC12MCTL5                 
00000716  ADC12MCTL6                 
00000717  ADC12MCTL7                 
00000718  ADC12MCTL8                 
00000719  ADC12MCTL9                 
00000720  ADC12MEM0                  
00000721  ADC12MEM0_H                
00000720  ADC12MEM0_L                
00000722  ADC12MEM1                  
00000734  ADC12MEM10                 
00000735  ADC12MEM10_H               
00000734  ADC12MEM10_L               
00000736  ADC12MEM11                 
00000737  ADC12MEM11_H               
00000736  ADC12MEM11_L               
00000738  ADC12MEM12                 
00000739  ADC12MEM12_H               
00000738  ADC12MEM12_L               
0000073a  ADC12MEM13                 
0000073b  ADC12MEM13_H               
0000073a  ADC12MEM13_L               
0000073c  ADC12MEM14                 
0000073d  ADC12MEM14_H               
0000073c  ADC12MEM14_L               
0000073e  ADC12MEM15                 
0000073f  ADC12MEM15_H               
0000073e  ADC12MEM15_L               
00000723  ADC12MEM1_H                
00000722  ADC12MEM1_L                
00000724  ADC12MEM2                  
00000725  ADC12MEM2_H                
00000724  ADC12MEM2_L                
00000726  ADC12MEM3                  
00000727  ADC12MEM3_H                
00000726  ADC12MEM3_L                
00000728  ADC12MEM4                  
00000729  ADC12MEM4_H                
00000728  ADC12MEM4_L                
0000072a  ADC12MEM5                  
0000072b  ADC12MEM5_H                
0000072a  ADC12MEM5_L                
0000072c  ADC12MEM6                  
0000072d  ADC12MEM6_H                
0000072c  ADC12MEM6_L                
0000072e  ADC12MEM7                  
0000072f  ADC12MEM7_H                
0000072e  ADC12MEM7_L                
00000730  ADC12MEM8                  
00000731  ADC12MEM8_H                
00000730  ADC12MEM8_L                
00000732  ADC12MEM9                  
00000733  ADC12MEM9_H                
00000732  ADC12MEM9_L                
0001494a  C$$EXIT                    
000140dc  C$$IO$$                    
000008c0  CBCTL0                     
000008c1  CBCTL0_H                   
000008c0  CBCTL0_L                   
000008c2  CBCTL1                     
000008c3  CBCTL1_H                   
000008c2  CBCTL1_L                   
000008c4  CBCTL2                     
000008c5  CBCTL2_H                   
000008c4  CBCTL2_L                   
000008c6  CBCTL3                     
000008c7  CBCTL3_H                   
000008c6  CBCTL3_L                   
000008cc  CBINT                      
000008cd  CBINT_H                    
000008cc  CBINT_L                    
000008ce  CBIV                       
00000150  CRCDI                      
00000152  CRCDIRB                    
00000153  CRCDIRB_H                  
00000152  CRCDIRB_L                  
00000151  CRCDI_H                    
00000150  CRCDI_L                    
00000154  CRCINIRES                  
00000155  CRCINIRES_H                
00000154  CRCINIRES_L                
00000156  CRCRESR                    
00000157  CRCRESR_H                  
00000156  CRCRESR_L                  
00012d9a  ComputeAES                 
000129b2  ComputeScrambling          
00000510  DMA0CTL                    
00000511  DMA0CTL_H                  
00000510  DMA0CTL_L                  
00000516  DMA0DA                     
00000518  DMA0DAH                    
00000516  DMA0DAL                    
00000512  DMA0SA                     
00000514  DMA0SAH                    
00000512  DMA0SAL                    
0000051a  DMA0SZ                     
00000520  DMA1CTL                    
00000521  DMA1CTL_H                  
00000520  DMA1CTL_L                  
00000526  DMA1DA                     
00000528  DMA1DAH                    
00000526  DMA1DAL                    
00000522  DMA1SA                     
00000524  DMA1SAH                    
00000522  DMA1SAL                    
0000052a  DMA1SZ                     
00000530  DMA2CTL                    
00000531  DMA2CTL_H                  
00000530  DMA2CTL_L                  
00000536  DMA2DA                     
00000538  DMA2DAH                    
00000536  DMA2DAL                    
00000532  DMA2SA                     
00000534  DMA2SAH                    
00000532  DMA2SAL                    
0000053a  DMA2SZ                     
00000500  DMACTL0                    
00000501  DMACTL0_H                  
00000500  DMACTL0_L                  
00000502  DMACTL1                    
00000503  DMACTL1_H                  
00000502  DMACTL1_L                  
00000504  DMACTL2                    
00000505  DMACTL2_H                  
00000504  DMACTL2_L                  
00000506  DMACTL3                    
00000507  DMACTL3_H                  
00000506  DMACTL3_L                  
00000508  DMACTL4                    
00000509  DMACTL4_H                  
00000508  DMACTL4_L                  
0000050e  DMAIV                      
0000050f  DMAIV_H                    
0000050e  DMAIV_L                    
00011388  DecodeFrame                
000026ae  DynamicMemoryTable         
00000140  FCTL1                      
00000141  FCTL1_H                    
00000140  FCTL1_L                    
00000144  FCTL3                      
00000145  FCTL3_H                    
00000144  FCTL3_L                    
00000146  FCTL4                      
00000147  FCTL4_H                    
00000146  FCTL4_L                    
00013b56  HOSTclose                  
00012914  HOSTlseek                  
00012fe6  HOSTopen                   
000133b0  HOSTread                   
00012f02  HOSTrename                 
00013c7e  HOSTunlink                 
00013208  HOSTwrite                  
000004c4  MAC                        
000004da  MAC32H                     
000004db  MAC32H_H                   
000004da  MAC32H_L                   
000004d8  MAC32L                     
000004d9  MAC32L_H                   
000004d8  MAC32L_L                   
000004c6  MACS                       
000004de  MACS32H                    
000004df  MACS32H_H                  
000004de  MACS32H_L                  
000004dc  MACS32L                    
000004dd  MACS32L_H                  
000004dc  MACS32L_L                  
000004c7  MACS_H                     
000004c6  MACS_L                     
000004c5  MAC_H                      
000004c4  MAC_L                      
000004c0  MPY                        
000004ec  MPY32CTL0                  
000004ed  MPY32CTL0_H                
000004ec  MPY32CTL0_L                
000004d2  MPY32H                     
000004d3  MPY32H_H                   
000004d2  MPY32H_L                   
000004d0  MPY32L                     
000004d1  MPY32L_H                   
000004d0  MPY32L_L                   
000004c2  MPYS                       
000004d6  MPYS32H                    
000004d7  MPYS32H_H                  
000004d6  MPYS32H_L                  
000004d4  MPYS32L                    
000004d5  MPYS32L_H                  
000004d4  MPYS32L_L                  
000004c3  MPYS_H                     
000004c2  MPYS_L                     
000004c1  MPY_H                      
000004c0  MPY_L                      
000136ca  Next_Pn11                  
00013726  Next_Pn9                   
00002838  NonVRam                    
000004c8  OP2                        
000004e2  OP2H                       
000004e3  OP2H_H                     
000004e2  OP2H_L                     
000004e0  OP2L                       
000004e1  OP2L_H                     
000004e0  OP2L_L                     
000004c9  OP2_H                      
000004c8  OP2_L                      
0000020e  P1IV                       
0000021e  P2IV                       
000001e0  P4MAP01                    
000001e1  P4MAP01_H                  
000001e0  P4MAP01_L                  
000001e2  P4MAP23                    
000001e3  P4MAP23_H                  
000001e2  P4MAP23_L                  
000001e4  P4MAP45                    
000001e5  P4MAP45_H                  
000001e4  P4MAP45_L                  
000001e6  P4MAP67                    
000001e7  P4MAP67_H                  
000001e6  P4MAP67_L                  
00000204  PADIR                      
00000205  PADIR_H                    
00000204  PADIR_L                    
00000208  PADS                       
00000209  PADS_H                     
00000208  PADS_L                     
0000021a  PAIE                       
00000218  PAIES                      
00000219  PAIES_H                    
00000218  PAIES_L                    
0000021b  PAIE_H                     
0000021a  PAIE_L                     
0000021c  PAIFG                      
0000021d  PAIFG_H                    
0000021c  PAIFG_L                    
00000200  PAIN                       
00000201  PAIN_H                     
00000200  PAIN_L                     
00000202  PAOUT                      
00000203  PAOUT_H                    
00000202  PAOUT_L                    
00000206  PAREN                      
00000207  PAREN_H                    
00000206  PAREN_L                    
0000020a  PASEL                      
0000020b  PASEL_H                    
0000020a  PASEL_L                    
00000224  PBDIR                      
00000225  PBDIR_H                    
00000224  PBDIR_L                    
00000228  PBDS                       
00000229  PBDS_H                     
00000228  PBDS_L                     
00000220  PBIN                       
00000221  PBIN_H                     
00000220  PBIN_L                     
00000222  PBOUT                      
00000223  PBOUT_H                    
00000222  PBOUT_L                    
00000226  PBREN                      
00000227  PBREN_H                    
00000226  PBREN_L                    
0000022a  PBSEL                      
0000022b  PBSEL_H                    
0000022a  PBSEL_L                    
00000244  PCDIR                      
00000245  PCDIR_H                    
00000244  PCDIR_L                    
00000248  PCDS                       
00000249  PCDS_H                     
00000248  PCDS_L                     
00000240  PCIN                       
00000241  PCIN_H                     
00000240  PCIN_L                     
00000242  PCOUT                      
00000243  PCOUT_H                    
00000242  PCOUT_L                    
00000246  PCREN                      
00000247  PCREN_H                    
00000246  PCREN_L                    
0000024a  PCSEL                      
0000024b  PCSEL_H                    
0000024a  PCSEL_L                    
00000264  PDDIR                      
00000265  PDDIR_H                    
00000264  PDDIR_L                    
00000268  PDDS                       
00000269  PDDS_H                     
00000268  PDDS_L                     
00000260  PDIN                       
00000261  PDIN_H                     
00000260  PDIN_L                     
00000262  PDOUT                      
00000263  PDOUT_H                    
00000262  PDOUT_L                    
00000266  PDREN                      
00000267  PDREN_H                    
00000266  PDREN_L                    
0000026a  PDSEL                      
0000026b  PDSEL_H                    
0000026a  PDSEL_L                    
00000324  PJDIR                      
00000325  PJDIR_H                    
00000324  PJDIR_L                    
00000328  PJDS                       
00000329  PJDS_H                     
00000328  PJDS_L                     
00000320  PJIN                       
00000321  PJIN_H                     
00000320  PJIN_L                     
00000322  PJOUT                      
00000323  PJOUT_H                    
00000322  PJOUT_L                    
00000326  PJREN                      
00000327  PJREN_H                    
00000326  PJREN_L                    
00000130  PM5CTL0                    
00000131  PM5CTL0_H                  
00000130  PM5CTL0_L                  
000001c2  PMAPCTL                    
000001c3  PMAPCTL_H                  
000001c2  PMAPCTL_L                  
000001c0  PMAPKEYID                  
000001c1  PMAPKEYID_H                
000001c0  PMAPKEYID_L                
00000120  PMMCTL0                    
00000121  PMMCTL0_H                  
00000120  PMMCTL0_L                  
00000122  PMMCTL1                    
00000123  PMMCTL1_H                  
00000122  PMMCTL1_L                  
0000012c  PMMIFG                     
0000012d  PMMIFG_H                   
0000012c  PMMIFG_L                   
0000012e  PMMRIE                     
0000012f  PMMRIE_H                   
0000012e  PMMRIE_L                   
000127c8  RADIO_change_frequency     
000148f0  RADIO_close_chip           
00012a4e  RADIO_init_chip            
00011f72  RADIO_modulate             
00013130  RADIO_start_rf_carrier     
000148c8  RADIO_start_unmodulated_cw 
00013782  RADIO_stop_rf_carrier      
000146e8  RADIO_stop_unmodulated_cw  
00000158  RCCTL0                     
00000159  RCCTL0_H                   
00000158  RCCTL0_L                   
000001b0  REFCTL0                    
000001b1  REFCTL0_H                  
000001b0  REFCTL0_L                  
000004e4  RES0                       
000004e5  RES0_H                     
000004e4  RES0_L                     
000004e6  RES1                       
000004e7  RES1_H                     
000004e6  RES1_L                     
000004e8  RES2                       
000004e9  RES2_H                     
000004e8  RES2_L                     
000004ea  RES3                       
000004eb  RES3_H                     
000004ea  RES3_L                     
000004cc  RESHI                      
000004cd  RESHI_H                    
000004cc  RESHI_L                    
000004ca  RESLO                      
000004cb  RESLO_H                    
000004ca  RESLO_L                    
000004ba  RTCADOWDAY                 
000004bb  RTCADOWDAY_H               
000004ba  RTCADOWDAY_L               
000004b8  RTCAMINHR                  
000004b9  RTCAMINHR_H                
000004b8  RTCAMINHR_L                
000004a0  RTCCTL01                   
000004a1  RTCCTL01_H                 
000004a0  RTCCTL01_L                 
000004a2  RTCCTL23                   
000004a3  RTCCTL23_H                 
000004a2  RTCCTL23_L                 
000004b4  RTCDATE                    
000004b5  RTCDATE_H                  
000004b4  RTCDATE_L                  
000004ae  RTCIV                      
000004ac  RTCPS                      
000004a8  RTCPS0CTL                  
000004a9  RTCPS0CTL_H                
000004a8  RTCPS0CTL_L                
000004aa  RTCPS1CTL                  
000004ab  RTCPS1CTL_H                
000004aa  RTCPS1CTL_L                
000004ad  RTCPS_H                    
000004ac  RTCPS_L                    
000004b0  RTCTIM0                    
000004b1  RTCTIM0_H                  
000004b0  RTCTIM0_L                  
000004b2  RTCTIM1                    
000004b3  RTCTIM1_H                  
000004b2  RTCTIM1_L                  
000004b6  RTCYEAR                    
000004b7  RTCYEAR_H                  
000004b6  RTCYEAR_L                  
00004ad0  Rcon                       
0000267c  ReceivedPayload            
00002664  RxCF                       
00001900  RxFrequency                
00000100  SFRIE1                     
00000101  SFRIE1_H                   
00000100  SFRIE1_L                   
00000102  SFRIFG1                    
00000103  SFRIFG1_H                  
00000102  SFRIFG1_L                  
00000104  SFRRPCR                    
00000105  SFRRPCR_H                  
00000104  SFRRPCR_L                  
000004ce  SUMEXT                     
000004cf  SUMEXT_H                   
000004ce  SUMEXT_L                   
00000124  SVSMHCTL                   
00000125  SVSMHCTL_H                 
00000124  SVSMHCTL_L                 
00000128  SVSMIO                     
00000129  SVSMIO_H                   
00000128  SVSMIO_L                   
00000126  SVSMLCTL                   
00000127  SVSMLCTL_H                 
00000126  SVSMLCTL_L                 
00000198  SYSBERRIV                  
00000199  SYSBERRIV_H                
00000198  SYSBERRIV_L                
00000182  SYSBSLC                    
00000183  SYSBSLC_H                  
00000182  SYSBSLC_L                  
00000180  SYSCTL                     
00000181  SYSCTL_H                   
00000180  SYSCTL_L                   
00000186  SYSJMBC                    
00000187  SYSJMBC_H                  
00000186  SYSJMBC_L                  
00000188  SYSJMBI0                   
00000189  SYSJMBI0_H                 
00000188  SYSJMBI0_L                 
0000018a  SYSJMBI1                   
0000018b  SYSJMBI1_H                 
0000018a  SYSJMBI1_L                 
0000018c  SYSJMBO0                   
0000018d  SYSJMBO0_H                 
0000018c  SYSJMBO0_L                 
0000018e  SYSJMBO1                   
0000018f  SYSJMBO1_H                 
0000018e  SYSJMBO1_L                 
0000019e  SYSRSTIV                   
0000019f  SYSRSTIV_H                 
0000019e  SYSRSTIV_L                 
0000019c  SYSSNIV                    
0000019d  SYSSNIV_H                  
0000019c  SYSSNIV_L                  
0000019a  SYSUNIV                    
0000019b  SYSUNIV_H                  
0000019a  SYSUNIV_L                  
00013e52  SfxClose                   
00011d40  SfxInit                    
00012330  SfxRxTestMode              
00011bea  SfxSendBit                 
0001190e  SfxSendFrame               
0001157c  SfxTxTestMode              
0000266c  Standard                   
0000285e  SysState                   
00000352  TA0CCR0                    
00000354  TA0CCR1                    
00000356  TA0CCR2                    
00000358  TA0CCR3                    
0000035a  TA0CCR4                    
00000342  TA0CCTL0                   
00000344  TA0CCTL1                   
00000346  TA0CCTL2                   
00000348  TA0CCTL3                   
0000034a  TA0CCTL4                   
00000340  TA0CTL                     
00000360  TA0EX0                     
0000036e  TA0IV                      
00000350  TA0R                       
00000392  TA1CCR0                    
00000394  TA1CCR1                    
00000396  TA1CCR2                    
00000382  TA1CCTL0                   
00000384  TA1CCTL1                   
00000386  TA1CCTL2                   
00000380  TA1CTL                     
000003a0  TA1EX0                     
000003ae  TA1IV                      
00000390  TA1R                       
00000412  TA2CCR0                    
00000414  TA2CCR1                    
00000416  TA2CCR2                    
00000402  TA2CCTL0                   
00000404  TA2CCTL1                   
00000406  TA2CCTL2                   
00000400  TA2CTL                     
00000420  TA2EX0                     
0000042e  TA2IV                      
00000410  TA2R                       
000003d2  TB0CCR0                    
000003d4  TB0CCR1                    
000003d6  TB0CCR2                    
000003d8  TB0CCR3                    
000003da  TB0CCR4                    
000003dc  TB0CCR5                    
000003de  TB0CCR6                    
000003c2  TB0CCTL0                   
000003c4  TB0CCTL1                   
000003c6  TB0CCTL2                   
000003c8  TB0CCTL3                   
000003ca  TB0CCTL4                   
000003cc  TB0CCTL5                   
000003ce  TB0CCTL6                   
000003c0  TB0CTL                     
000003e0  TB0EX0                     
000003ee  TB0IV                      
000003d0  TB0R                       
00004520  TIMER0_A0_ISR              
000026a2  TIMER0_timeout             
0000455c  TIMER1_A0_ISR              
000146b4  TIMER_bitrate_init         
00014886  TIMER_bitrate_start        
000148b0  TIMER_bitrate_stop         
00014518  TIMER_downlink_timing_init 
00002802  Table_30bytes              
00002826  Table_32bytes              
0000282c  Table_64bytes              
00002832  Table_8bytes               
00002660  TxCF                       
00001880  TxFrequency                
00014928  TxInit                     
0001453a  TxProcess                  
00002654  TxRep                      
00002668  TxRepeat                   
000005d0  UCA0ABCTL                  
000005c6  UCA0BRW                    
000005c7  UCA0BRW_H                  
000005c6  UCA0BRW_L                  
000005c0  UCA0CTLW0                  
000005c1  UCA0CTLW0_H                
000005c0  UCA0CTLW0_L                
000005dc  UCA0ICTL                   
000005dd  UCA0ICTL_H                 
000005dc  UCA0ICTL_L                 
000005d2  UCA0IRCTL                  
000005d3  UCA0IRCTL_H                
000005d2  UCA0IRCTL_L                
000005de  UCA0IV                     
000005c8  UCA0MCTL                   
000005cc  UCA0RXBUF                  
000005ca  UCA0STAT                   
000005ce  UCA0TXBUF                  
00000610  UCA1ABCTL                  
00000606  UCA1BRW                    
00000607  UCA1BRW_H                  
00000606  UCA1BRW_L                  
00000600  UCA1CTLW0                  
00000601  UCA1CTLW0_H                
00000600  UCA1CTLW0_L                
0000061c  UCA1ICTL                   
0000061d  UCA1ICTL_H                 
0000061c  UCA1ICTL_L                 
00000612  UCA1IRCTL                  
00000613  UCA1IRCTL_H                
00000612  UCA1IRCTL_L                
0000061e  UCA1IV                     
00000608  UCA1MCTL                   
0000060c  UCA1RXBUF                  
0000060a  UCA1STAT                   
0000060e  UCA1TXBUF                  
000005e6  UCB0BRW                    
000005e7  UCB0BRW_H                  
000005e6  UCB0BRW_L                  
000005e0  UCB0CTLW0                  
000005e1  UCB0CTLW0_H                
000005e0  UCB0CTLW0_L                
000005f0  UCB0I2COA                  
000005f1  UCB0I2COA_H                
000005f0  UCB0I2COA_L                
000005f2  UCB0I2CSA                  
000005f3  UCB0I2CSA_H                
000005f2  UCB0I2CSA_L                
000005fc  UCB0ICTL                   
000005fd  UCB0ICTL_H                 
000005fc  UCB0ICTL_L                 
000005fe  UCB0IV                     
000005ec  UCB0RXBUF                  
000005ea  UCB0STAT                   
000005ee  UCB0TXBUF                  
00000626  UCB1BRW                    
00000627  UCB1BRW_H                  
00000626  UCB1BRW_L                  
00000620  UCB1CTLW0                  
00000621  UCB1CTLW0_H                
00000620  UCB1CTLW0_L                
00000630  UCB1I2COA                  
00000631  UCB1I2COA_H                
00000630  UCB1I2COA_L                
00000632  UCB1I2CSA                  
00000633  UCB1I2CSA_H                
00000632  UCB1I2CSA_L                
0000063c  UCB1ICTL                   
0000063d  UCB1ICTL_H                 
0000063c  UCB1ICTL_L                 
0000063e  UCB1IV                     
0000062c  UCB1RXBUF                  
0000062a  UCB1STAT                   
0000062e  UCB1TXBUF                  
00000160  UCSCTL0                    
00000161  UCSCTL0_H                  
00000160  UCSCTL0_L                  
00000162  UCSCTL1                    
00000163  UCSCTL1_H                  
00000162  UCSCTL1_L                  
00000164  UCSCTL2                    
00000165  UCSCTL2_H                  
00000164  UCSCTL2_L                  
00000166  UCSCTL3                    
00000167  UCSCTL3_H                  
00000166  UCSCTL3_L                  
00000168  UCSCTL4                    
00000169  UCSCTL4_H                  
00000168  UCSCTL4_L                  
0000016a  UCSCTL5                    
0000016b  UCSCTL5_H                  
0000016a  UCSCTL5_L                  
0000016c  UCSCTL6                    
0000016d  UCSCTL6_H                  
0000016c  UCSCTL6_L                  
0000016e  UCSCTL7                    
0000016f  UCSCTL7_H                  
0000016e  UCSCTL7_L                  
00000170  UCSCTL8                    
00000171  UCSCTL8_H                  
00000170  UCSCTL8_L                  
00000902  USBCNF                     
00000903  USBCNF_H                   
00000902  USBCNF_L                   
0000093c  USBCTL                     
0000093a  USBFN                      
0000093b  USBFN_H                    
0000093a  USBFN_L                    
0000093f  USBFUNADR                  
0000093d  USBIE                      
00002378  USBIEP0BUF                 
000023c9  USBIEPBBAX_1               
000023d1  USBIEPBBAX_2               
000023d9  USBIEPBBAX_3               
000023e1  USBIEPBBAX_4               
000023e9  USBIEPBBAX_5               
000023f1  USBIEPBBAX_6               
000023f9  USBIEPBBAX_7               
000023cd  USBIEPBBAY_1               
000023d5  USBIEPBBAY_2               
000023dd  USBIEPBBAY_3               
000023e5  USBIEPBBAY_4               
000023ed  USBIEPBBAY_5               
000023f5  USBIEPBBAY_6               
000023fd  USBIEPBBAY_7               
000023ca  USBIEPBCTX_1               
000023d2  USBIEPBCTX_2               
000023da  USBIEPBCTX_3               
000023e2  USBIEPBCTX_4               
000023ea  USBIEPBCTX_5               
000023f2  USBIEPBCTX_6               
000023fa  USBIEPBCTX_7               
000023ce  USBIEPBCTY_1               
000023d6  USBIEPBCTY_2               
000023de  USBIEPBCTY_3               
000023e6  USBIEPBCTY_4               
000023ee  USBIEPBCTY_5               
000023f6  USBIEPBCTY_6               
000023fe  USBIEPBCTY_7               
00000920  USBIEPCNF_0                
000023c8  USBIEPCNF_1                
000023d0  USBIEPCNF_2                
000023d8  USBIEPCNF_3                
000023e0  USBIEPCNF_4                
000023e8  USBIEPCNF_5                
000023f0  USBIEPCNF_6                
000023f8  USBIEPCNF_7                
00000921  USBIEPCNT_0                
0000092e  USBIEPIE                   
00000930  USBIEPIFG                  
000023cf  USBIEPSIZXY_1              
000023d7  USBIEPSIZXY_2              
000023df  USBIEPSIZXY_3              
000023e7  USBIEPSIZXY_4              
000023ef  USBIEPSIZXY_5              
000023f7  USBIEPSIZXY_6              
000023ff  USBIEPSIZXY_7              
0000093e  USBIFG                     
00000900  USBKEYID                   
00000901  USBKEYID_H                 
00000900  USBKEYID_L                 
00000936  USBMAINT                   
00000937  USBMAINT_H                 
00000936  USBMAINT_L                 
00002370  USBOEP0BUF                 
00002389  USBOEPBBAX_1               
00002391  USBOEPBBAX_2               
00002399  USBOEPBBAX_3               
000023a1  USBOEPBBAX_4               
000023a9  USBOEPBBAX_5               
000023b1  USBOEPBBAX_6               
000023b9  USBOEPBBAX_7               
0000238d  USBOEPBBAY_1               
00002395  USBOEPBBAY_2               
0000239d  USBOEPBBAY_3               
000023a5  USBOEPBBAY_4               
000023ad  USBOEPBBAY_5               
000023b5  USBOEPBBAY_6               
000023bd  USBOEPBBAY_7               
0000238a  USBOEPBCTX_1               
00002392  USBOEPBCTX_2               
0000239a  USBOEPBCTX_3               
000023a2  USBOEPBCTX_4               
000023aa  USBOEPBCTX_5               
000023b2  USBOEPBCTX_6               
000023ba  USBOEPBCTX_7               
0000238e  USBOEPBCTY_1               
00002396  USBOEPBCTY_2               
0000239e  USBOEPBCTY_3               
000023a6  USBOEPBCTY_4               
000023ae  USBOEPBCTY_5               
000023b6  USBOEPBCTY_6               
000023be  USBOEPBCTY_7               
00000922  USBOEPCNF_0                
00002388  USBOEPCNF_1                
00002390  USBOEPCNF_2                
00002398  USBOEPCNF_3                
000023a0  USBOEPCNF_4                
000023a8  USBOEPCNF_5                
000023b0  USBOEPCNF_6                
000023b8  USBOEPCNF_7                
00000923  USBOEPCNT_0                
0000092f  USBOEPIE                   
00000931  USBOEPIFG                  
0000238f  USBOEPSIZXY_1              
00002397  USBOEPSIZXY_2              
0000239f  USBOEPSIZXY_3              
000023a7  USBOEPSIZXY_4              
000023af  USBOEPSIZXY_5              
000023b7  USBOEPSIZXY_6              
000023bf  USBOEPSIZXY_7              
00000904  USBPHYCTL                  
00000905  USBPHYCTL_H                
00000904  USBPHYCTL_L                
00000910  USBPLLCTL                  
00000911  USBPLLCTL_H                
00000910  USBPLLCTL_L                
00000912  USBPLLDIVB                 
00000913  USBPLLDIVB_H               
00000912  USBPLLDIVB_L               
00000914  USBPLLIR                   
00000915  USBPLLIR_H                 
00000914  USBPLLIR_L                 
00000908  USBPWRCTL                  
00000909  USBPWRCTL_H                
00000908  USBPWRCTL_L                
00001c00  USBSTABUFF                 
00002380  USBSUBLK                   
0000236f  USBTOPBUFF                 
00000938  USBTSREG                   
00000939  USBTSREG_H                 
00000938  USBTSREG_L                 
00000932  USBVECINT                  
00000933  USBVECINT_H                
00000932  USBVECINT_L                
00004400  USCI_A1_ISR                
0000015c  WDTCTL                     
0000015d  WDTCTL_H                   
0000015c  WDTCTL_L                   
0000286a  _CIOBUF_                   
00004400  __STACK_END                
000000a0  __STACK_SIZE               
000000a0  __SYSMEM_SIZE              
00004bae  __TI_CINIT_Base            
00004be6  __TI_CINIT_Limit           
00004b7e  __TI_Handler_Table_Base    
00004b8a  __TI_Handler_Table_Limit   
UNDEFED   __TI_INITARRAY_Base        
UNDEFED   __TI_INITARRAY_Limit       
00004564  __TI_ISR_TRAP              
00014074  __TI_cleanup               
00002692  __TI_cleanup_ptr           
00012f76  __TI_closefile             
00014822  __TI_decompress_none       
0001492e  __TI_decompress_rle24      
000134e8  __TI_doflush               
00002696  __TI_dtors_ptr             
00010c1e  __TI_frcmpyd               
000026aa  __TI_ft_end                
0000ffd2  __TI_int41                 
0000ffd4  __TI_int42                 
0000ffd6  __TI_int43                 
0000ffd8  __TI_int44                 
0000ffda  __TI_int45                 
0000ffdc  __TI_int46                 
0000ffde  __TI_int47                 
0000ffe0  __TI_int48                 
0000ffe2  __TI_int49                 
0000ffe4  __TI_int50                 
0000ffe6  __TI_int51                 
0000ffe8  __TI_int52                 
0000ffea  __TI_int53                 
0000ffec  __TI_int54                 
0000ffee  __TI_int55                 
0000fff0  __TI_int56                 
0000fff2  __TI_int57                 
0000fff4  __TI_int58                 
0000fff6  __TI_int59                 
0000fff8  __TI_int60                 
0000fffa  __TI_int61                 
0000fffc  __TI_int62                 
00014182  __TI_readmsg               
00002752  __TI_tmpnams               
000140aa  __TI_writemsg              
00012d1c  __TI_wrt_ok                
000144f4  __TI_zero_init             
ffffffff  __binit__                  
ffffffff  __c_args__                 
000143b8  __mspabi_divi              
00013e12  __mspabi_divli             
0001478c  __mspabi_divu              
00013aa8  __mspabi_divul             
00013480  __mspabi_fixdul            
00012e16  __mspabi_fltuld            
00010f02  __mspabi_mpyd              
000147a2  __mspabi_mpyi_f5hw         
0001457e  __mspabi_mpyl_f5hw         
000143b8  __mspabi_remi              
00013e12  __mspabi_remli             
0001478c  __mspabi_remu              
00013aa8  __mspabi_remul             
000148dc  __mspabi_slli              
00014866  __mspabi_slll              
00013f06  __mspabi_slll_1            
00013ee2  __mspabi_slll_10           
00013ede  __mspabi_slll_11           
00013eda  __mspabi_slll_12           
00013ed6  __mspabi_slll_13           
00013ed2  __mspabi_slll_14           
00013ece  __mspabi_slll_15           
00013f02  __mspabi_slll_2            
00013efe  __mspabi_slll_3            
00013efa  __mspabi_slll_4            
00013ef6  __mspabi_slll_5            
00013ef2  __mspabi_slll_6            
00013eee  __mspabi_slll_7            
00013eea  __mspabi_slll_8            
00013ee6  __mspabi_slll_9            
00013ec8  __mspabi_sral_1            
00013ea4  __mspabi_sral_10           
00013ea0  __mspabi_sral_11           
00013e9c  __mspabi_sral_12           
00013e98  __mspabi_sral_13           
00013e94  __mspabi_sral_14           
00013e90  __mspabi_sral_15           
00013ec4  __mspabi_sral_2            
00013ec0  __mspabi_sral_3            
00013ebc  __mspabi_sral_4            
00013eb8  __mspabi_sral_5            
00013eb4  __mspabi_sral_6            
00013eb0  __mspabi_sral_7            
00013eac  __mspabi_sral_8            
00013ea8  __mspabi_sral_9            
000148e6  __mspabi_srli              
00014876  __mspabi_srll              
00013f44  __mspabi_srll_1            
00013f20  __mspabi_srll_10           
00013f1c  __mspabi_srll_11           
00013f18  __mspabi_srll_12           
00013f14  __mspabi_srll_13           
00013f10  __mspabi_srll_14           
00013f0c  __mspabi_srll_15           
00013f40  __mspabi_srll_2            
00013f3c  __mspabi_srll_3            
00013f38  __mspabi_srll_4            
00013f34  __mspabi_srll_5            
00013f30  __mspabi_srll_6            
00013f2c  __mspabi_srll_7            
00013f28  __mspabi_srll_8            
00013f24  __mspabi_srll_9            
000146ce  _abort_msg                 
0001319c  _auto_init_hold_wdt        
00004540  _c_int00_noargs            
00002400  _ftable                    
0000269a  _lock                      
0001494e  _nop                       
0000fffe  _reset_vector              
00004360  _stack                     
0000298c  _sys_memory                
00014946  _system_pre_init           
0000269e  _unlock                    
0001494a  abort                      
000148d2  abs                        
0001085e  aes_enc_dec                
ffffffff  binit                      
00014278  bspAssert                  
00014642  bspInit                    
00014460  bspKeyInit                 
00013d0a  bspKeyPushed               
00014700  bspLedClear                
000145c2  bspLedInit                 
00014718  bspLedSet                  
00012870  bspSysClockSpeedSet        
00002684  burst_count                
000142d4  byteToHex                  
000137dc  cc112xSpiReadReg           
00014846  cc112xSpiReadRxFifo        
00013836  cc112xSpiWriteReg          
00002686  channel                    
0001403c  circBufGetData             
000140e0  circBufPutData             
0001455c  circBufRemainder           
00013890  close                      
00014116  crc16                      
000141b4  crc8                       
0001438c  dataToString               
00013272  decode_bch                 
00014302  exit                       
000139f8  fflush                     
00008000  flash_array                
00013ba2  flash_erase_segment        
00014730  flash_read_data            
000132dc  flash_read_wear_level      
00013d4e  flash_write_data           
00012718  flash_write_wear_level     
00012072  fputs                      
00012c0e  free                       
00013346  fseek                      
00014856  galois_mul2                
0001435e  halDigio2IntClear          
0001366c  halDigio2IntConnect        
0001440e  halDigio2IntEnable         
00013bec  halDigio2IntSetEdge        
000130c2  halUartInit                
00014748  halUartStartTx             
00013dd2  hexToByte                  
00001980  id                         
0000265c  id_ptr                     
00001984  key                        
00002658  key_ptr                    
00004a88  log_alpha                  
00013f4a  lseek                      
00012c9c  ltoa                       
000124dc  main                       
0001265e  malloc                     
00014760  memchr                     
000147fa  memcpy                     
00014776  memset                     
00002670  message                    
00013d90  minit                      
00002866  packetSemaphore            
00010000  parseHostCmd               
00004484  port1_ISR                  
000044d2  port2_ISR                  
00004aa8  pow_alpha                  
00014248  remove                     
00012ae6  resetCF                    
0000456a  rsbox                      
0000257c  rx_buf                     
00002867  rx_end_of_str              
00002868  rx_str_length              
00002688  rx_tout                    
0000466a  sbox                       
0000268a  sequence_number            
00012250  setvbuf                    
00012b7c  sfx_AES_128_cbc_encrypt    
000125a0  sfx_PrintRxTestResult      
00014900  sfx_StartRxTimeout         
00014908  sfx_StartWaitingTimeout    
000148bc  sfx_StopRxTimeout          
0001480e  sfx_WaitForTimeoutRx       
00014910  sfx_change_frequency       
00014918  sfx_close                  
00013b00  sfx_delay                  
00013944  sfx_free                   
00014438  sfx_get_nv_mem             
000147b8  sfx_get_voltage_temperature
00014920  sfx_getrssivalue           
000145e2  sfx_init                   
000135ac  sfx_malloc                 
0001360c  sfx_send                   
00014660  sfx_set_nv_mem             
00012408  sfx_waitframe              
00002656  standard                   
0001467c  strchr                     
00014698  strcmp                     
00014834  strcpy                     
0001399e  stringToData               
00014894  strlen                     
000141e6  strncpy                    
00013c36  trx16BitRegAccess          
00014002  trx8BitRegAccess           
000147ce  trxClearIntFlag            
000147e4  trxEnableInt               
00014602  trxIsrConnect              
00013f88  trxRfSpiInterfaceInit      
00014486  trxSpiCmdStrobe            
000025b8  tx_buf                     
00014934  uartGetRxEndOfStr          
0001493a  uartGetRxStrLength         
000145a0  uartGetStr                 
000148a2  uartPutChar                
00014622  uartPutStr                 
00014940  uartResetRxEndOfStr        
00002816  uart_rx_buf                
000026a5  uart_state                 
0000281e  uart_tx_buf                
00014248  unlink                     
00013fc6  write                      


GLOBAL SYMBOLS: SORTED BY Symbol Address 

address   name                       
-------   ----                       
000000a0  __STACK_SIZE               
000000a0  __SYSMEM_SIZE              
00000100  SFRIE1                     
00000100  SFRIE1_L                   
00000101  SFRIE1_H                   
00000102  SFRIFG1                    
00000102  SFRIFG1_L                  
00000103  SFRIFG1_H                  
00000104  SFRRPCR                    
00000104  SFRRPCR_L                  
00000105  SFRRPCR_H                  
00000120  PMMCTL0                    
00000120  PMMCTL0_L                  
00000121  PMMCTL0_H                  
00000122  PMMCTL1                    
00000122  PMMCTL1_L                  
00000123  PMMCTL1_H                  
00000124  SVSMHCTL                   
00000124  SVSMHCTL_L                 
00000125  SVSMHCTL_H                 
00000126  SVSMLCTL                   
00000126  SVSMLCTL_L                 
00000127  SVSMLCTL_H                 
00000128  SVSMIO                     
00000128  SVSMIO_L                   
00000129  SVSMIO_H                   
0000012c  PMMIFG                     
0000012c  PMMIFG_L                   
0000012d  PMMIFG_H                   
0000012e  PMMRIE                     
0000012e  PMMRIE_L                   
0000012f  PMMRIE_H                   
00000130  PM5CTL0                    
00000130  PM5CTL0_L                  
00000131  PM5CTL0_H                  
00000140  FCTL1                      
00000140  FCTL1_L                    
00000141  FCTL1_H                    
00000144  FCTL3                      
00000144  FCTL3_L                    
00000145  FCTL3_H                    
00000146  FCTL4                      
00000146  FCTL4_L                    
00000147  FCTL4_H                    
00000150  CRCDI                      
00000150  CRCDI_L                    
00000151  CRCDI_H                    
00000152  CRCDIRB                    
00000152  CRCDIRB_L                  
00000153  CRCDIRB_H                  
00000154  CRCINIRES                  
00000154  CRCINIRES_L                
00000155  CRCINIRES_H                
00000156  CRCRESR                    
00000156  CRCRESR_L                  
00000157  CRCRESR_H                  
00000158  RCCTL0                     
00000158  RCCTL0_L                   
00000159  RCCTL0_H                   
0000015c  WDTCTL                     
0000015c  WDTCTL_L                   
0000015d  WDTCTL_H                   
00000160  UCSCTL0                    
00000160  UCSCTL0_L                  
00000161  UCSCTL0_H                  
00000162  UCSCTL1                    
00000162  UCSCTL1_L                  
00000163  UCSCTL1_H                  
00000164  UCSCTL2                    
00000164  UCSCTL2_L                  
00000165  UCSCTL2_H                  
00000166  UCSCTL3                    
00000166  UCSCTL3_L                  
00000167  UCSCTL3_H                  
00000168  UCSCTL4                    
00000168  UCSCTL4_L                  
00000169  UCSCTL4_H                  
0000016a  UCSCTL5                    
0000016a  UCSCTL5_L                  
0000016b  UCSCTL5_H                  
0000016c  UCSCTL6                    
0000016c  UCSCTL6_L                  
0000016d  UCSCTL6_H                  
0000016e  UCSCTL7                    
0000016e  UCSCTL7_L                  
0000016f  UCSCTL7_H                  
00000170  UCSCTL8                    
00000170  UCSCTL8_L                  
00000171  UCSCTL8_H                  
00000180  SYSCTL                     
00000180  SYSCTL_L                   
00000181  SYSCTL_H                   
00000182  SYSBSLC                    
00000182  SYSBSLC_L                  
00000183  SYSBSLC_H                  
00000186  SYSJMBC                    
00000186  SYSJMBC_L                  
00000187  SYSJMBC_H                  
00000188  SYSJMBI0                   
00000188  SYSJMBI0_L                 
00000189  SYSJMBI0_H                 
0000018a  SYSJMBI1                   
0000018a  SYSJMBI1_L                 
0000018b  SYSJMBI1_H                 
0000018c  SYSJMBO0                   
0000018c  SYSJMBO0_L                 
0000018d  SYSJMBO0_H                 
0000018e  SYSJMBO1                   
0000018e  SYSJMBO1_L                 
0000018f  SYSJMBO1_H                 
00000198  SYSBERRIV                  
00000198  SYSBERRIV_L                
[...]
0000070c  ADC12IE                    
0000070c  ADC12IE_L                  
0000070d  ADC12IE_H                  
0000070e  ADC12IV                    
0000070e  ADC12IV_L                  
0000070f  ADC12IV_H                  
00000710  ADC12MCTL0                 
00000711  ADC12MCTL1                 
00000712  ADC12MCTL2                 
00000713  ADC12MCTL3                 
00000714  ADC12MCTL4                 
00000715  ADC12MCTL5                 
00000716  ADC12MCTL6                 
00000717  ADC12MCTL7                 
00000718  ADC12MCTL8                 
00000719  ADC12MCTL9                 
0000071a  ADC12MCTL10                
0000071b  ADC12MCTL11                
0000071c  ADC12MCTL12                
0000071d  ADC12MCTL13                
0000071e  ADC12MCTL14                
0000071f  ADC12MCTL15                
00000720  ADC12MEM0                  
00000720  ADC12MEM0_L                
00000721  ADC12MEM0_H                
00000722  ADC12MEM1                  
00000722  ADC12MEM1_L                
00000723  ADC12MEM1_H                
00000724  ADC12MEM2                  
00000724  ADC12MEM2_L                
00000725  ADC12MEM2_H                
00000726  ADC12MEM3                  
00000726  ADC12MEM3_L                
00000727  ADC12MEM3_H                
00000728  ADC12MEM4                  
00000728  ADC12MEM4_L                
00000729  ADC12MEM4_H                
0000072a  ADC12MEM5                  
0000072a  ADC12MEM5_L                
0000072b  ADC12MEM5_H                
0000072c  ADC12MEM6                  
0000072c  ADC12MEM6_L                
0000072d  ADC12MEM6_H                
0000072e  ADC12MEM7                  
0000072e  ADC12MEM7_L                
0000072f  ADC12MEM7_H                
00000730  ADC12MEM8                  
00000730  ADC12MEM8_L                
00000731  ADC12MEM8_H                
00000732  ADC12MEM9                  
00000732  ADC12MEM9_L                
00000733  ADC12MEM9_H                
00000734  ADC12MEM10                 
00000734  ADC12MEM10_L               
00000735  ADC12MEM10_H               
00000736  ADC12MEM11                 
00000736  ADC12MEM11_L               
00000737  ADC12MEM11_H               
00000738  ADC12MEM12                 
00000738  ADC12MEM12_L               
00000739  ADC12MEM12_H               
0000073a  ADC12MEM13                 
0000073a  ADC12MEM13_L               
0000073b  ADC12MEM13_H               
0000073c  ADC12MEM14                 
0000073c  ADC12MEM14_L               
0000073d  ADC12MEM14_H               
0000073e  ADC12MEM15                 
0000073e  ADC12MEM15_L               
0000073f  ADC12MEM15_H               
000008c0  CBCTL0                     
000008c0  CBCTL0_L                   
000008c1  CBCTL0_H                   
000008c2  CBCTL1                     
000008c2  CBCTL1_L                   
000008c3  CBCTL1_H                   
000008c4  CBCTL2                     
000008c4  CBCTL2_L                   
000008c5  CBCTL2_H                   
000008c6  CBCTL3                     
000008c6  CBCTL3_L                   
000008c7  CBCTL3_H                   
000008cc  CBINT                      
000008cc  CBINT_L                    
000008cd  CBINT_H                    
000008ce  CBIV                       
00000900  USBKEYID                   
00000900  USBKEYID_L                 
00000901  USBKEYID_H                 
00000902  USBCNF                     
00000902  USBCNF_L                   
00000903  USBCNF_H                   
00000904  USBPHYCTL                  
00000904  USBPHYCTL_L                
00000905  USBPHYCTL_H                
00000908  USBPWRCTL                  
00000908  USBPWRCTL_L                
00000909  USBPWRCTL_H                
00000910  USBPLLCTL                  
00000910  USBPLLCTL_L                
00000911  USBPLLCTL_H                
00000912  USBPLLDIVB                 
00000912  USBPLLDIVB_L               
00000913  USBPLLDIVB_H               
00000914  USBPLLIR                   
00000914  USBPLLIR_L                 
00000915  USBPLLIR_H                 
00000920  USBIEPCNF_0                
00000921  USBIEPCNT_0                
00000922  USBOEPCNF_0                
00000923  USBOEPCNT_0                
0000092e  USBIEPIE                   
0000092f  USBOEPIE                   
00000930  USBIEPIFG                  
00000931  USBOEPIFG                  
00000932  USBVECINT                  
00000932  USBVECINT_L                
00000933  USBVECINT_H                
00000936  USBMAINT                   
00000936  USBMAINT_L                 
00000937  USBMAINT_H                 
00000938  USBTSREG                   
00000938  USBTSREG_L                 
00000939  USBTSREG_H                 
0000093a  USBFN                      
0000093a  USBFN_L                    
0000093b  USBFN_H                    
0000093c  USBCTL                     
0000093d  USBIE                      
0000093e  USBIFG                     
0000093f  USBFUNADR                  
00001880  TxFrequency                
00001900  RxFrequency                
00001980  id                         
00001984  key                        
00001c00  USBSTABUFF                 
0000236f  USBTOPBUFF                 
00002370  USBOEP0BUF                 
00002378  USBIEP0BUF                 
00002380  USBSUBLK                   
00002388  USBOEPCNF_1                
00002389  USBOEPBBAX_1               
0000238a  USBOEPBCTX_1               
0000238d  USBOEPBBAY_1               
0000238e  USBOEPBCTY_1               
0000238f  USBOEPSIZXY_1              
00002390  USBOEPCNF_2                
00002391  USBOEPBBAX_2               
00002392  USBOEPBCTX_2               
00002395  USBOEPBBAY_2               
00002396  USBOEPBCTY_2               
00002397  USBOEPSIZXY_2              
00002398  USBOEPCNF_3                
00002399  USBOEPBBAX_3               
0000239a  USBOEPBCTX_3               
0000239d  USBOEPBBAY_3               
0000239e  USBOEPBCTY_3               
0000239f  USBOEPSIZXY_3              
000023a0  USBOEPCNF_4                
000023a1  USBOEPBBAX_4               
000023a2  USBOEPBCTX_4               
000023a5  USBOEPBBAY_4               
000023a6  USBOEPBCTY_4               
000023a7  USBOEPSIZXY_4              
000023a8  USBOEPCNF_5                
000023a9  USBOEPBBAX_5               
000023aa  USBOEPBCTX_5               
000023ad  USBOEPBBAY_5               
000023ae  USBOEPBCTY_5               
000023af  USBOEPSIZXY_5              
000023b0  USBOEPCNF_6                
000023b1  USBOEPBBAX_6               
000023b2  USBOEPBCTX_6               
000023b5  USBOEPBBAY_6               
000023b6  USBOEPBCTY_6               
000023b7  USBOEPSIZXY_6              
000023b8  USBOEPCNF_7                
000023b9  USBOEPBBAX_7               
000023ba  USBOEPBCTX_7               
000023bd  USBOEPBBAY_7               
000023be  USBOEPBCTY_7               
000023bf  USBOEPSIZXY_7              
000023c8  USBIEPCNF_1                
000023c9  USBIEPBBAX_1               
000023ca  USBIEPBCTX_1               
000023cd  USBIEPBBAY_1               
000023ce  USBIEPBCTY_1               
000023cf  USBIEPSIZXY_1              
000023d0  USBIEPCNF_2                
000023d1  USBIEPBBAX_2               
000023d2  USBIEPBCTX_2               
000023d5  USBIEPBBAY_2               
000023d6  USBIEPBCTY_2               
000023d7  USBIEPSIZXY_2              
000023d8  USBIEPCNF_3                
000023d9  USBIEPBBAX_3               
000023da  USBIEPBCTX_3               
000023dd  USBIEPBBAY_3               
000023de  USBIEPBCTY_3               
000023df  USBIEPSIZXY_3              
000023e0  USBIEPCNF_4                
000023e1  USBIEPBBAX_4               
000023e2  USBIEPBCTX_4               
000023e5  USBIEPBBAY_4               
000023e6  USBIEPBCTY_4               
000023e7  USBIEPSIZXY_4              
000023e8  USBIEPCNF_5                
000023e9  USBIEPBBAX_5               
000023ea  USBIEPBCTX_5               
000023ed  USBIEPBBAY_5               
000023ee  USBIEPBCTY_5               
000023ef  USBIEPSIZXY_5              
000023f0  USBIEPCNF_6                
000023f1  USBIEPBBAX_6               
000023f2  USBIEPBCTX_6               
000023f5  USBIEPBBAY_6               
000023f6  USBIEPBCTY_6               
000023f7  USBIEPSIZXY_6              
000023f8  USBIEPCNF_7                
000023f9  USBIEPBBAX_7               
000023fa  USBIEPBCTX_7               
000023fd  USBIEPBBAY_7               
000023fe  USBIEPBCTY_7               
000023ff  USBIEPSIZXY_7              
00002400  _ftable                    
0000257c  rx_buf                     
000025b8  tx_buf                     
00002654  TxRep                      
00002656  standard                   
00002658  key_ptr                    
0000265c  id_ptr                     
00002660  TxCF                       
00002664  RxCF                       
00002668  TxRepeat                   
0000266c  Standard                   
00002670  message                    
0000267c  ReceivedPayload            
00002684  burst_count                
00002686  channel                    
00002688  rx_tout                    
0000268a  sequence_number            
00002692  __TI_cleanup_ptr           
00002696  __TI_dtors_ptr             
0000269a  _lock                      
0000269e  _unlock                    
000026a2  TIMER0_timeout             
000026a5  uart_state                 
000026aa  __TI_ft_end                
000026ae  DynamicMemoryTable         
00002752  __TI_tmpnams               
00002802  Table_30bytes              
00002816  uart_rx_buf                
0000281e  uart_tx_buf                
00002826  Table_32bytes              
0000282c  Table_64bytes              
00002832  Table_8bytes               
00002838  NonVRam                    
0000285e  SysState                   
00002866  packetSemaphore            
00002867  rx_end_of_str              
00002868  rx_str_length              
0000286a  _CIOBUF_                   
0000298c  _sys_memory                
00004360  _stack                     
00004400  USCI_A1_ISR                
00004400  __STACK_END                
00004484  port1_ISR                  
000044d2  port2_ISR                  
00004520  TIMER0_A0_ISR              
00004540  _c_int00_noargs            
0000455c  TIMER1_A0_ISR              
00004564  __TI_ISR_TRAP              
0000456a  rsbox                      
0000466a  sbox                       
00004a88  log_alpha                  
00004aa8  pow_alpha                  
00004ad0  Rcon                       
00004b7e  __TI_Handler_Table_Base    
00004b8a  __TI_Handler_Table_Limit   
00004bae  __TI_CINIT_Base            
00004be6  __TI_CINIT_Limit           
00008000  flash_array                
0000ffd2  __TI_int41                 
0000ffd4  __TI_int42                 
0000ffd6  __TI_int43                 
0000ffd8  __TI_int44                 
0000ffda  __TI_int45                 
0000ffdc  __TI_int46                 
0000ffde  __TI_int47                 
0000ffe0  __TI_int48                 
0000ffe2  __TI_int49                 
0000ffe4  __TI_int50                 
0000ffe6  __TI_int51                 
0000ffe8  __TI_int52                 
0000ffea  __TI_int53                 
0000ffec  __TI_int54                 
0000ffee  __TI_int55                 
0000fff0  __TI_int56                 
0000fff2  __TI_int57                 
0000fff4  __TI_int58                 
0000fff6  __TI_int59                 
0000fff8  __TI_int60                 
0000fffa  __TI_int61                 
0000fffc  __TI_int62                 
0000fffe  _reset_vector              
00010000  parseHostCmd               
0001085e  aes_enc_dec                
00010c1e  __TI_frcmpyd               
00010f02  __mspabi_mpyd              
00011388  DecodeFrame                
0001157c  SfxTxTestMode              
0001190e  SfxSendFrame               
00011bea  SfxSendBit                 
00011d40  SfxInit                    
00011f72  RADIO_modulate             
00012072  fputs                      
00012250  setvbuf                    
00012330  SfxRxTestMode              
00012408  sfx_waitframe              
000124dc  main                       
000125a0  sfx_PrintRxTestResult      
0001265e  malloc                     
00012718  flash_write_wear_level     
000127c8  RADIO_change_frequency     
00012870  bspSysClockSpeedSet        
00012914  HOSTlseek                  
000129b2  ComputeScrambling          
00012a4e  RADIO_init_chip            
00012ae6  resetCF                    
00012b7c  sfx_AES_128_cbc_encrypt    
00012c0e  free                       
00012c9c  ltoa                       
00012d1c  __TI_wrt_ok                
00012d9a  ComputeAES                 
00012e16  __mspabi_fltuld            
00012f02  HOSTrename                 
00012f76  __TI_closefile             
00012fe6  HOSTopen                   
000130c2  halUartInit                
00013130  RADIO_start_rf_carrier     
0001319c  _auto_init_hold_wdt        
00013208  HOSTwrite                  
00013272  decode_bch                 
000132dc  flash_read_wear_level      
00013346  fseek                      
000133b0  HOSTread                   
00013480  __mspabi_fixdul            
000134e8  __TI_doflush               
000135ac  sfx_malloc                 
0001360c  sfx_send                   
0001366c  halDigio2IntConnect        
000136ca  Next_Pn11                  
00013726  Next_Pn9                   
00013782  RADIO_stop_rf_carrier      
000137dc  cc112xSpiReadReg           
00013836  cc112xSpiWriteReg          
00013890  close                      
00013944  sfx_free                   
0001399e  stringToData               
000139f8  fflush                     
00013aa8  __mspabi_divul             
00013aa8  __mspabi_remul             
00013b00  sfx_delay                  
00013b56  HOSTclose                  
00013ba2  flash_erase_segment        
00013bec  halDigio2IntSetEdge        
00013c36  trx16BitRegAccess          
00013c7e  HOSTunlink                 
00013d0a  bspKeyPushed               
00013d4e  flash_write_data           
00013d90  minit                      
00013dd2  hexToByte                  
00013e12  __mspabi_divli             
00013e12  __mspabi_remli             
00013e52  SfxClose                   
00013e90  __mspabi_sral_15           
00013e94  __mspabi_sral_14           
00013e98  __mspabi_sral_13           
00013e9c  __mspabi_sral_12           
00013ea0  __mspabi_sral_11           
00013ea4  __mspabi_sral_10           
00013ea8  __mspabi_sral_9            
00013eac  __mspabi_sral_8            
00013eb0  __mspabi_sral_7            
00013eb4  __mspabi_sral_6            
00013eb8  __mspabi_sral_5            
00013ebc  __mspabi_sral_4            
00013ec0  __mspabi_sral_3            
00013ec4  __mspabi_sral_2            
00013ec8  __mspabi_sral_1            
00013ece  __mspabi_slll_15           
00013ed2  __mspabi_slll_14           
00013ed6  __mspabi_slll_13           
00013eda  __mspabi_slll_12           
00013ede  __mspabi_slll_11           
00013ee2  __mspabi_slll_10           
00013ee6  __mspabi_slll_9            
00013eea  __mspabi_slll_8            
00013eee  __mspabi_slll_7            
00013ef2  __mspabi_slll_6            
00013ef6  __mspabi_slll_5            
00013efa  __mspabi_slll_4            
00013efe  __mspabi_slll_3            
00013f02  __mspabi_slll_2            
00013f06  __mspabi_slll_1            
00013f0c  __mspabi_srll_15           
00013f10  __mspabi_srll_14           
00013f14  __mspabi_srll_13           
00013f18  __mspabi_srll_12           
00013f1c  __mspabi_srll_11           
00013f20  __mspabi_srll_10           
00013f24  __mspabi_srll_9            
00013f28  __mspabi_srll_8            
00013f2c  __mspabi_srll_7            
00013f30  __mspabi_srll_6            
00013f34  __mspabi_srll_5            
00013f38  __mspabi_srll_4            
00013f3c  __mspabi_srll_3            
00013f40  __mspabi_srll_2            
00013f44  __mspabi_srll_1            
00013f4a  lseek                      
00013f88  trxRfSpiInterfaceInit      
00013fc6  write                      
00014002  trx8BitRegAccess           
0001403c  circBufGetData             
00014074  __TI_cleanup               
000140aa  __TI_writemsg              
000140dc  C$$IO$$                    
000140e0  circBufPutData             
00014116  crc16                      
00014182  __TI_readmsg               
000141b4  crc8                       
000141e6  strncpy                    
00014248  remove                     
00014248  unlink                     
00014278  bspAssert                  
000142d4  byteToHex                  
00014302  exit                       
0001435e  halDigio2IntClear          
0001438c  dataToString               
000143b8  __mspabi_divi              
000143b8  __mspabi_remi              
0001440e  halDigio2IntEnable         
00014438  sfx_get_nv_mem             
00014460  bspKeyInit                 
00014486  trxSpiCmdStrobe            
000144f4  __TI_zero_init             
00014518  TIMER_downlink_timing_init 
0001453a  TxProcess                  
0001455c  circBufRemainder           
0001457e  __mspabi_mpyl_f5hw         
000145a0  uartGetStr                 
000145c2  bspLedInit                 
000145e2  sfx_init                   
00014602  trxIsrConnect              
00014622  uartPutStr                 
00014642  bspInit                    
00014660  sfx_set_nv_mem             
0001467c  strchr                     
00014698  strcmp                     
000146b4  TIMER_bitrate_init         
000146ce  _abort_msg                 
000146e8  RADIO_stop_unmodulated_cw  
00014700  bspLedClear                
00014718  bspLedSet                  
00014730  flash_read_data            
00014748  halUartStartTx             
00014760  memchr                     
00014776  memset                     
0001478c  __mspabi_divu              
0001478c  __mspabi_remu              
000147a2  __mspabi_mpyi_f5hw         
000147b8  sfx_get_voltage_temperature
000147ce  trxClearIntFlag            
000147e4  trxEnableInt               
000147fa  memcpy                     
0001480e  sfx_WaitForTimeoutRx       
00014822  __TI_decompress_none       
00014834  strcpy                     
00014846  cc112xSpiReadRxFifo        
00014856  galois_mul2                
00014866  __mspabi_slll              
00014876  __mspabi_srll              
00014886  TIMER_bitrate_start        
00014894  strlen                     
000148a2  uartPutChar                
000148b0  TIMER_bitrate_stop         
000148bc  sfx_StopRxTimeout          
000148c8  RADIO_start_unmodulated_cw 
000148d2  abs                        
000148dc  __mspabi_slli              
000148e6  __mspabi_srli              
000148f0  RADIO_close_chip           
00014900  sfx_StartRxTimeout         
00014908  sfx_StartWaitingTimeout    
00014910  sfx_change_frequency       
00014918  sfx_close                  
00014920  sfx_getrssivalue           
00014928  TxInit                     
0001492e  __TI_decompress_rle24      
00014934  uartGetRxEndOfStr          
0001493a  uartGetRxStrLength         
00014940  uartResetRxEndOfStr        
00014946  _system_pre_init           
0001494a  C$$EXIT                    
0001494a  abort                      
0001494e  _nop                       
ffffffff  __binit__                  
ffffffff  __c_args__                 
ffffffff  binit                      
UNDEFED   __TI_INITARRAY_Base        
UNDEFED   __TI_INITARRAY_Limit       

[1042 symbols]
